>contig15916__187-322
uuacggcgguuuucugauucgcuuggugcaggucgggaacggcuuggccgacgguuucauauuugucuccacugugugaaaccucguagcuugaguacuguccugccuugcaucaacugaaucugaaccgauguaa
