Chromosome : 1
Position   : 6543291-6543423
Strand     : +

UGGGUUUUCCUGGUAAGGUUUUUAAUGAGGCAGCAUUUCAAAUACUUUACGAGUUAUGAUACUAUAAUGGUCAUCAGGGGGAGUGUUAUGAAUAAAGAUGGAUGCCCAUUAUAAGGCCCAUCAUCUAAGCCCA
(((((((...((((..(((((((((((.((((.((((((((((((((..(..(..(((((.(......)))))))..)..))))))).))).....))))..))))))))).)))))).))))...)))))))
.**********************.............................................................................................................. length=22 depth=1
.***********************............................................................................................................. length=23 depth=1
.............*******************..................................................................................................... length=19 depth=2
...............................************************.............................................................................. length=24 depth=1
..................................************************........................................................................... length=24 depth=1
................................................************************............................................................. length=24 depth=5
....................................................***********************.......................................................... length=23 depth=1
..........................................................**********************..................................................... length=22 depth=1
..........................................................***********************.................................................... length=23 depth=1
..........................................................************************................................................... length=24 depth=1
...........................................................**********************.................................................... length=22 depth=1
............................................................************************................................................. length=24 depth=7
.............................................................*********************................................................... length=21 depth=1
..............................................................************************............................................... length=24 depth=2
...............................................................************************.............................................. length=24 depth=1
.................................................................*********************............................................... length=21 depth=1
.................................................................***********************............................................. length=23 depth=1
.................................................................************************............................................ length=24 depth=1
..................................................................************************........................................... length=24 depth=1
.....................................................................************************........................................ length=24 depth=1
.......................................................................***********************....................................... length=23 depth=4
........................................................................************************..................................... length=24 depth=2
..........................................................................************************................................... length=24 depth=1
...........................................................................***********************................................... length=23 depth=1
...........................................................................************************.................................. length=24 depth=8
.............................................................................***********************................................. length=23 depth=1
.............................................................................************************................................ length=24 depth=7
.............................................................................*************************............................... length=25 depth=1
..............................................................................************************............................... length=24 depth=1
................................................................................***********************.............................. length=23 depth=1
.................................................................................**********************.............................. length=22 depth=1
.................................................................................***********************............................. length=23 depth=3
.................................................................................************************............................ length=24 depth=15
.................................................................................*************************........................... length=25 depth=2
..................................................................................*********************.............................. length=21 depth=1
..................................................................................************************........................... length=24 depth=39
...................................................................................***********************........................... length=23 depth=4
...................................................................................************************.......................... length=24 depth=2
....................................................................................******************............................... length=18 depth=1
....................................................................................********************............................. length=20 depth=2
....................................................................................*********************............................ length=21 depth=2
....................................................................................**********************........................... length=22 depth=14
....................................................................................***********************.......................... length=23 depth=4
....................................................................................************************......................... length=24 depth=4
.....................................................................................*********************........................... length=21 depth=18
.....................................................................................***********************......................... length=23 depth=2
.....................................................................................************************........................ length=24 depth=3
......................................................................................************************....................... length=24 depth=3
.......................................................................................*******************........................... length=19 depth=4
.......................................................................................*********************......................... length=21 depth=3
.......................................................................................**********************........................ length=22 depth=2
.......................................................................................***********************....................... length=23 depth=4
........................................................................................******************........................... length=18 depth=1
........................................................................................*******************.......................... length=19 depth=1
........................................................................................********************......................... length=20 depth=1
........................................................................................*********************........................ length=21 depth=1
........................................................................................***********************...................... length=23 depth=1
.........................................................................................******************.......................... length=18 depth=1
.........................................................................................*******************......................... length=19 depth=1
.............................................................................................***********************................. length=23 depth=1
.............................................................................................************************................ length=24 depth=18
.............................................................................................*************************............... length=25 depth=2
..............................................................................................***********************................ length=23 depth=5
..............................................................................................************************............... length=24 depth=4
...............................................................................................************************.............. length=24 depth=3
................................................................................................***********************.............. length=23 depth=1
.................................................................................................*********************............... length=21 depth=2
.....................................................................................................************************........ length=24 depth=8
......................................................................................................***********************........ length=23 depth=1
........................................................................................................************************..... length=24 depth=1
.........................................................................................................************************.... length=24 depth=1
..........................................................................................................************************... length=24 depth=5
...........................................................................................................********************...... length=20 depth=1
...........................................................................................................***********************... length=23 depth=5
...........................................................................................................************************.. length=24 depth=2
..............................................................................................................********************... length=20 depth=1
..............................................................................................................*********************** length=23 depth=1
