Chromosome : 4
Position   : 1231264-1231345
Strand     : +

UGAGUGGGAUUAGUCGGGUAAAUCACAAUAGCGGUAUAAUAAACGCGGAUUUGUGGUUAAUCUCGAUUUAAUGACCGGUUCA
(((((.((((((((((((..((((((((..(((..........)))....))))))))...))))).)))))..)).)))))
...************************....................................................... length=24 depth=1
...................................**********************......................... length=22 depth=1
...................................************************....................... length=24 depth=1
........................................***********************................... length=23 depth=4
........................................AAACGCGGAUUUGUGGUUAAUCUC.................. length=24 depth=48
.........................................*********************.................... length=21 depth=1
.........................................************************................. length=24 depth=11
..........................................***********************................. length=23 depth=1
...........................................*******************.................... length=19 depth=1
