Chromosome : 4
Position   : 1270783-1270953
Strand     : -

(((((((((..(.(((((((...((((((((((.....(((((((.(((....)))...)))))))((((((..((..(((..((((....))))..))))).))))))((((((.......))))))......))))))))))....))))))))..))....)))))))
GCGGAGAAGCUGUAGGCGCUUUAUCGAGAGGUUUUGUGUACGGGCUUCUGCUAAGGUUUGCUCGUGGCAACUAGGAUGGGACUCCAACUCUUUGGUAUCUUCGAGUUGUGGAAAUCACGCAAAUUUCCGAGUUUAGCUUCUCGGAAUCGGUGUUUCUUCUCUUAUUUCCGC
(((((((((..(.(((((((...((((((((((.....................................................................................................))))))))))....))))))))..))....)))))))
 [[[[[[[[..[.[[[[[[[...[[                                                                                                                     ]]....]]]]]]]]..]]....]]]]]]
***********************.................................................................................................................................................... length=23 depth=2
.CGGAGAAGCUGUAGGCGCUUUAUC.................................................................................................................................................. length=24 depth=13
.....******************.................................................................................................................................................... length=18 depth=1
......************************............................................................................................................................................. length=24 depth=3
.......***********************............................................................................................................................................. length=23 depth=1
......................************************............................................................................................................................. length=24 depth=1
........................*************************.......................................................................................................................... length=25 depth=1
............................************************....................................................................................................................... length=24 depth=1
.................................................*******************....................................................................................................... length=19 depth=1
.............................................................************************...................................................................................... length=24 depth=2
...............................................................**********************...................................................................................... length=22 depth=1
..................................................................***********************.................................................................................. length=23 depth=1
.....................................................................************************.............................................................................. length=24 depth=1
........................................................................************************........................................................................... length=24 depth=1
..........................................................................************************......................................................................... length=24 depth=3
...........................................................................***********************......................................................................... length=23 depth=1
...........................................................................************************........................................................................ length=24 depth=2
................................................................................************************................................................................... length=24 depth=1
..........................................................................................***********************.......................................................... length=23 depth=1
............................................................................................************************....................................................... length=24 depth=2
................................................................................................*********************...................................................... length=21 depth=1
................................................................................................************************................................................... length=24 depth=1
.................................................................................................************************.................................................. length=24 depth=1
...................................................................................................**********************.................................................. length=22 depth=2
.................................................................................................................................************************.................. length=24 depth=2
..................................................................................................................................************************................. length=24 depth=3
...................................................................................................................................***********************................. length=23 depth=1
...................................................................................................................................************************................ length=24 depth=2
...................................................................................................................................*************************............... length=25 depth=1
....................................................................................................................................************************............... length=24 depth=3
.....................................................................................................................................************************.............. length=24 depth=2
.......................................................................................................................................***********************............. length=23 depth=1
.........................................................................................................................................************************.......... length=24 depth=2
............................................................................................................................................*******************............ length=19 depth=1
.............................................................................................................................................********************.......... length=20 depth=1
.................................................................................................................................................************************.. length=24 depth=2
