Chromosome : 4
Position   : 1230915-1231313
Strand     : -

(((((((((((((.((((((.((((((((((((((((((((((((((.(..........((((((((...((((((((((((((....)).))).)))))))))))))))))..((.((((((((.(((((((....((((.((((((((.((..((((((...))))))..))..))))))))))))......)))))))..))))).))).))(((((.....((((.......))))(((((((...((..((((((((......................................)))))))).))...))))))).))))).(((((....)))))........).)))))))))))))))))))))))))).)))))).)))))))))))))
AUCCGCGUUUAUUAUACCGCUAUUGUGAUUUACCCGACUAAUCCCACUCACACAAAAAAGCAAUCUAUGUGAUCAAUGAGAGUAGUUCUAGUUCUUUAUUGAUUUAGAUUGUCAUUGGAACAAUCUUCAACCUUUUUUGUCUAUCUUGGAUGAUGUAUUUUCGGAAAAUGAUUCUCUUUAAGAUGAUAUUAUUUAGGUUGACUGAUUGAUUUGGAGUCUUAUCUAUCCUUAUGAUUAGGAGUUUUAUCUAGUUCGAUUUGUCAUUUUCCUUACCAAUUAACACAACACAUAACAUAUAUAGAUAGAUUCACAUUAUAAAACAAAGACAAAACGACGUCGUUUCUUAACGGGUGUGGGAUUAGUUGGGUAAAUCACAAUCGCGGUACAGUAAACGCGGAU
(((((((((((((.((((((.((((((((((((((((((((((((((.(.............................................................................................................................................................................................................................................................................................................).)))))))))))))))))))))))))).)))))).)))))))))))))
     [[[[[[[[.[[[[[[.[[[[[[[[                                                                                                                                                                                                                                                                                                                                                     ]]]]]]]].]]]]]].]]]]]]]]
...............************************........................................................................................................................................................................................................................................................................................................................................................................ length=24 depth=2
....................................................................************************................................................................................................................................................................................................................................................................................................................... length=24 depth=3
...............................................................................................************************........................................................................................................................................................................................................................................................................................ length=24 depth=1
....................................................................................................************************................................................................................................................................................................................................................................................................................... length=24 depth=3
......................................................................................................********************..................................................................................................................................................................................................................................................................................... length=20 depth=1
.............................................................................................................************************.......................................................................................................................................................................................................................................................................... length=24 depth=3
...........................................................................................................................................................************************............................................................................................................................................................................................................................ length=24 depth=1
...................................................................................................................................................................................************************.................................................................................................................................................................................................... length=24 depth=2
.......................................................................................................................................................................................***********************................................................................................................................................................................................................. length=23 depth=1
..............................................................................................................................................................................................***********************.......................................................................................................................................................................................... length=23 depth=1
..................................................................................................................................................................................................************************..................................................................................................................................................................................... length=24 depth=1
...................................................................................................................................................................................................**********************...................................................................................................................................................................................... length=22 depth=1
...................................................................................................................................................................................................************************.................................................................................................................................................................................... length=24 depth=1
...............................................................................................................................................................................................................................................................***********************......................................................................................................................... length=23 depth=1
........................................................................................................................................................................................................................................................................**********************................................................................................................................. length=22 depth=1
..........................................................................................................................................................................................................................................................................................................................................************************............................................. length=24 depth=1
.............................................................................................................................................................................................................................................................................................................................................************************.......................................... length=24 depth=1
.................................................................................................................................................................................................................................................................................................................................................................................************************...... length=24 depth=1
..................................................................................................................................................................................................................................................................................................................................................................................***********************...... length=23 depth=1
..................................................................................................................................................................................................................................................................................................................................................................................AUCACAAUCGCGGUACAGUAAACG..... length=24 depth=7
...................................................................................................................................................................................................................................................................................................................................................................................***********************..... length=23 depth=1
.......................................................................................................................................................................................................................................................................................................................................................................................********************.... length=20 depth=1
