Chromosome : 4
Position   : 618259-618526
Strand     : -

AAAAAAUUGCAAGAUUAUCAUAUAAGUCACUCAACCAUAUACAGUAGAAACUCUAUAAAUUAAUAAUGUUGGGACCAUGAAAUUUUAUUAAUUUAUAGUGAUAUUAAUUUAUCCUAUAAAUUAAUAUUUAUUAAUUUAUCGUAUAAGUUAAUAAAUAUUAAUUUAUAAAAAUAUUUAUGUAAAAUACAAUACUAUAUUCUUUUUAAAAUGUUUUUAAUUAAUUUUCUAUAUGCUUUGUUGUUUGUAUAUAUAAUUAUGUUAGUUUUUU
(((((((((((.((((((.(((((...((..((((........(((((((............................................................................................................................................................................))))))).......))))..))))))))))))).)).)))))))))
................................************************.................................................................................................................................................................................................................... length=24 depth=2
..................................***********************................................................................................................................................................................................................................... length=23 depth=5
....................................************************................................................................................................................................................................................................................ length=24 depth=1
.......................................******************................................................................................................................................................................................................................... length=18 depth=1
.......................................***********************.............................................................................................................................................................................................................. length=23 depth=1
........................................************************............................................................................................................................................................................................................ length=24 depth=2
..........................................***********************........................................................................................................................................................................................................... length=23 depth=4
..........................................************************.......................................................................................................................................................................................................... length=24 depth=1
..........................................*************************......................................................................................................................................................................................................... length=25 depth=1
.............................................************************....................................................................................................................................................................................................... length=24 depth=1
...................................................************************................................................................................................................................................................................................. length=24 depth=2
....................................................************************................................................................................................................................................................................................ length=24 depth=30
.....................................................***********************................................................................................................................................................................................................ length=23 depth=15
.....................................................************************............................................................................................................................................................................................... length=24 depth=4
......................................................**********************................................................................................................................................................................................................ length=22 depth=4
......................................................***********************............................................................................................................................................................................................... length=23 depth=8
......................................................************************.............................................................................................................................................................................................. length=24 depth=5
.......................................................*********************................................................................................................................................................................................................ length=21 depth=5
........................................................*********************............................................................................................................................................................................................... length=21 depth=3
........................................................**********************.............................................................................................................................................................................................. length=22 depth=1
.........................................................************************........................................................................................................................................................................................... length=24 depth=1
............................................................******************.............................................................................................................................................................................................. length=18 depth=1
.............................................................***********************........................................................................................................................................................................................ length=23 depth=2
................................................................******************.......................................................................................................................................................................................... length=18 depth=1
................................................................***********************..................................................................................................................................................................................... length=23 depth=1
................................................................************************.................................................................................................................................................................................... length=24 depth=7
................................................................*************************................................................................................................................................................................................... length=25 depth=1
.................................................................************************................................................................................................................................................................................... length=24 depth=1
..................................................................*********************..................................................................................................................................................................................... length=21 depth=1
..................................................................***********************................................................................................................................................................................................... length=23 depth=1
...................................................................***********************.................................................................................................................................................................................. length=23 depth=3
...................................................................************************................................................................................................................................................................................. length=24 depth=1
....................................................................***********************................................................................................................................................................................................. length=23 depth=1
....................................................................************************................................................................................................................................................................................ length=24 depth=1
