Chromosome : 4
Position   : 77043-77331
Strand     : -

(((((.(((..((.((..((((((((((..(((((.(((((..(.((.(((.(((((.(((((......(((((.....((((((((.((((....((((((..((((........)))).))))))..((((((.......(((((((..((((.........)))).)))))))..))))))....(((((...)))))..))))...))))))))))))).....)))))))))).)))..)).)..))))))))))..))))))))))..)).)).))).)))))
UGGGCCUCUUCACCUAUUGCCAAUUGGUUUUAGGUUGGAAACCCACACUCUAAUAUGGUAUCAGAGCCUGAUCCGCACAUACUCAACCCGAUCCACAUCGGUCCGGCCCAAUACUUGGCCCGCCGAUCCAUGCCCAAACAUAUCGAGAUCAAUGGCUAGAAGAACCAUCAUCUCGAGGGGGCGUAUUAGGGACAAUGUCCCACAUCGAAAGUUGAGUAGGAUCUUAAGUGAUAUAUAUAAGAUAUGAGCCUUUCCAUCUAUUGCCAAUUGGUUUUAUGUUGGAAGCCCA
(((((.(((..((.((..((((((((((..(((((.(((((..(.((.(((.(((((.(((((......(((((.....((((((((.((((...............................................................................................................))))...))))))))))))).....)))))))))).)))..)).)..))))))))))..))))))))))..)).)).))).)))))
...............************************.......................................................................................................................................................................................................................................................... length=24 depth=17
................************************......................................................................................................................................................................................................................................................... length=24 depth=1
.................**********************.......................................................................................................................................................................................................................................................... length=22 depth=1
..................*********************.......................................................................................................................................................................................................................................................... length=21 depth=1
...........................................*********************................................................................................................................................................................................................................................. length=21 depth=1
..........................................................*********************.................................................................................................................................................................................................................. length=21 depth=1
...........................................................************************.............................................................................................................................................................................................................. length=24 depth=1
....................................................................***********************...................................................................................................................................................................................................... length=23 depth=1
.....................................................................***********************..................................................................................................................................................................................................... length=23 depth=1
........................................................................***********************.................................................................................................................................................................................................. length=23 depth=1
...........................................................................************************.............................................................................................................................................................................................. length=24 depth=1
............................................................................***********************.............................................................................................................................................................................................. length=23 depth=2
..............................................................................*********************.............................................................................................................................................................................................. length=21 depth=1
................................................................................************************......................................................................................................................................................................................... length=24 depth=1
...................................................................................*************************..................................................................................................................................................................................... length=25 depth=1
....................................................................................************************..................................................................................................................................................................................... length=24 depth=10
.........................................................................................*******************..................................................................................................................................................................................... length=19 depth=1
.........................................................................................************************................................................................................................................................................................................ length=24 depth=1
.................................................................................................................*********************........................................................................................................................................................... length=21 depth=1
................................................................................................................................*********************............................................................................................................................................ length=21 depth=1
.....................................................................................................................................***********************..................................................................................................................................... length=23 depth=1
.....................................................................................................................................************************.................................................................................................................................... length=24 depth=6
......................................................................................................................................*********************...................................................................................................................................... length=21 depth=1
.......................................................................................................................................**********************.................................................................................................................................... length=22 depth=1
.......................................................................................................................................***********************................................................................................................................................... length=23 depth=23
.......................................................................................................................................************************.................................................................................................................................. length=24 depth=9
........................................................................................................................................*********************.................................................................................................................................... length=21 depth=1
........................................................................................................................................**********************................................................................................................................................... length=22 depth=1
........................................................................................................................................***********************.................................................................................................................................. length=23 depth=1
........................................................................................................................................************************................................................................................................................................. length=24 depth=6
.........................................................................................................................................***********************................................................................................................................................. length=23 depth=3
.........................................................................................................................................************************................................................................................................................................ length=24 depth=4
..........................................................................................................................................*********************.................................................................................................................................. length=21 depth=1
..........................................................................................................................................************************............................................................................................................................... length=24 depth=1
..........................................................................................................................................*************************.............................................................................................................................. length=25 depth=1
...........................................................................................................................................*******************................................................................................................................................... length=19 depth=2
...........................................................................................................................................*********************................................................................................................................................. length=21 depth=3
...........................................................................................................................................**********************................................................................................................................................ length=22 depth=2
...........................................................................................................................................***********************............................................................................................................................... length=23 depth=2
...........................................................................................................................................************************.............................................................................................................................. length=24 depth=33
............................................................................................................................................***********************.............................................................................................................................. length=23 depth=2
.............................................................................................................................................************************............................................................................................................................ length=24 depth=8
.............................................................................................................................................*************************........................................................................................................................... length=25 depth=4
..............................................................................................................................................************************........................................................................................................................... length=24 depth=2
...............................................................................................................................................***********************........................................................................................................................... length=23 depth=1
.......................................................................................................................................................***********************................................................................................................................... length=23 depth=1
...........................................................................................................................................................************************.............................................................................................................. length=24 depth=1
.........................................................................................................................................................................************************................................................................................................ length=24 depth=1
..............................................................................................................................................................................***********************............................................................................................ length=23 depth=1
..............................................................................................................................................................................************************........................................................................................... length=24 depth=2
.................................................................................................................................................................................................*********************........................................................................... length=21 depth=1
.................................................................................................................................................................................................************************........................................................................ length=24 depth=2
....................................................................................................................................................................................................************************..................................................................... length=24 depth=1
........................................................................................................................................................................................................************************................................................................. length=24 depth=1
................................................................................................................................................................................................................**********************........................................................... length=22 depth=1
................................................................................................................................................................................................................************************......................................................... length=24 depth=1
..................................................................................................................................................................................................................**********************......................................................... length=22 depth=2
..................................................................................................................................................................................................................***********************........................................................ length=23 depth=3
...................................................................................................................................................................................................................******************............................................................ length=18 depth=2
...................................................................................................................................................................................................................************************...................................................... length=24 depth=2
....................................................................................................................................................................................................................********************......................................................... length=20 depth=1
....................................................................................................................................................................................................................*********************........................................................ length=21 depth=1
....................................................................................................................................................................................................................***********************...................................................... length=23 depth=9
.....................................................................................................................................................................................................................**********************...................................................... length=22 depth=1
......................................................................................................................................................................................................................*******************........................................................ length=19 depth=3
......................................................................................................................................................................................................................*********************...................................................... length=21 depth=1
......................................................................................................................................................................................................................***********************.................................................... length=23 depth=3
.......................................................................................................................................................................................................................**********************.................................................... length=22 depth=2
.......................................................................................................................................................................................................................************************.................................................. length=24 depth=1
..............................................................................................................................................................................................................................************************........................................... length=24 depth=1
.................................................................................................................................................................................................................................************************........................................ length=24 depth=1
.....................................................................................................................................................................................................................................***********************..................................... length=23 depth=1
........................................................................................................................................................................................................................................************************................................. length=24 depth=1
