Chromosome : 4
Position   : 983183-983345
Strand     : -

(((((.((((((((..((((...((((.(((((...........................(((((.((((((((........)))))))).)))))((((((...))))))..((((((....)))))).)))))..))))....)))).)))))))))))))
UCAAGUGAGAAACUAUGAGAUACUCUCUACAAGCCAUCAUUACAUUUCUCUUCUUUUAAUUGAUUCAAUUUUUACACUAAAAUAAAAAUUUAAUCAUAUAAUAAAAUUAUAAUAAAAUACUAAUAUUUUUCUUGUUCGAGAAACUUUUUGGGUUUCUCCUUGA
(((((.((((((((..((((...((((.(((((.................................................................................................)))))..))))....)))).)))))))))))))
                                      <----miRBase---->                                                                                                            
                                                 <----miRBase---->                                                                                                 
************************........................................................................................................................................... length=24 depth=5
.***********************........................................................................................................................................... length=23 depth=5
.************************.......................................................................................................................................... length=24 depth=1
..**********************........................................................................................................................................... length=22 depth=8
..***********************.......................................................................................................................................... length=23 depth=9
..************************......................................................................................................................................... length=24 depth=65
...******************.............................................................................................................................................. length=18 depth=1
...************************........................................................................................................................................ length=24 depth=2
....***********************........................................................................................................................................ length=23 depth=1
....************************....................................................................................................................................... length=24 depth=26
.....*********************......................................................................................................................................... length=21 depth=2
.....***********************....................................................................................................................................... length=23 depth=2
.....************************...................................................................................................................................... length=24 depth=1
......******************........................................................................................................................................... length=18 depth=2
......*********************........................................................................................................................................ length=21 depth=1
......***********************...................................................................................................................................... length=23 depth=3
......************************..................................................................................................................................... length=24 depth=3
.......******************.......................................................................................................................................... length=18 depth=1
.......*******************......................................................................................................................................... length=19 depth=1
.......*********************....................................................................................................................................... length=21 depth=6
.......************************.................................................................................................................................... length=24 depth=31
.........************************.................................................................................................................................. length=24 depth=4
..........*********************.................................................................................................................................... length=21 depth=2
..........************************................................................................................................................................. length=24 depth=13
...........************************................................................................................................................................ length=24 depth=17
............**********************................................................................................................................................. length=22 depth=1
.............**********************................................................................................................................................ length=22 depth=2
.............************************.............................................................................................................................. length=24 depth=2
..............*********************................................................................................................................................ length=21 depth=2
..............**********************............................................................................................................................... length=22 depth=2
..............************************............................................................................................................................. length=24 depth=3
..............*************************............................................................................................................................ length=25 depth=1
................******************................................................................................................................................. length=18 depth=1
................***********************............................................................................................................................ length=23 depth=1
.................************************.......................................................................................................................... length=24 depth=1
...................***********************......................................................................................................................... length=23 depth=1
...................************************........................................................................................................................ length=24 depth=3
........................**********************..................................................................................................................... length=22 depth=1
........................***********************.................................................................................................................... length=23 depth=1
..........................************************................................................................................................................. length=24 depth=1
...........................************************................................................................................................................ length=24 depth=1
............................*********************.................................................................................................................. length=21 depth=1
............................************************............................................................................................................... length=24 depth=1
..............................************************............................................................................................................. length=24 depth=3
...............................************************............................................................................................................ length=24 depth=2
................................***********************............................................................................................................ length=23 depth=1
................................************************........................................................................................................... length=24 depth=1
.........................................************************.................................................................................................. length=24 depth=1
...........................................***********************................................................................................................. length=23 depth=1
