>4__1046804-1046983, MFE structure
CCAUUUUCGAAAGCCUUGAGAGAGAGAACACAGACGAUACCAACUUUCUUCAAUCUCGUUGCCGCAGUAUAAUUAUCUCAUUCCUCGGAUAUAUCUCUCCUUCUGCGGCGGCGACAAGAAGCUACAAGAAUAAAAAGUCUGUUUUCUCUCUUUUCAAGAAACCACUUACUUCGAAAAUGG
(((((((((((...((((((((((((((.((((((........(((.((((....((((((((((((..............((....)).............))))))))))))...))))....)))........)))))).))))))).)))))))...........)))))))))))
