>1__6514677-6514930, MFE structure
GUAUUUUGUUAACAAUAUUUUAAAAUAAAGUUUUUUGUUUAAAUAAAUAUUGUUCUUACUAAACGUUUUUUGUUUAAAUAAACAAAUCAUGUAUUUGAACUUAUUUACAAUGUCAUGCUACUGACAUUAAUUAUUUAGGCAUGAAAAUAUUUAAUUAAAGAUUUAAAUCUUCUAAAUUCUUGCUUUUAGAGUUAUUAUAUCAUUAUUUAAAGAGGCAAAAAAUAUUAAUUUUUUAAAUAUUAUUAUAUAUAUAU
((((.....(((.(((((((.(((((((.(((((((((((...((((((..((((.......((((..(((((((....)))))))..))))....)))).)))))).....(((((((..................))))))).....(((((.(((.(((.(((...(((((((........)))))))...))).))).))).))))).))))))))))).)))..)))).))))))).))).....))))
