contig15750__54-177	gaagagugcucuuauuauguagccaaggaugaauugccuaaugacagcucaagucguuuaaaaaacgacucuuuguugguuuauuaggcguucauuucuugacugacuuaaucggcuuuuuuuc	((((((.(((...((((.((((.(((((((((((.(((((((((((((...((((((((...))))))))....))))..)))))))))))))).)))))).)).)).)))).)))..))))))
