File /vagrant/cgi-bin/t/functional/output/fullpipeline-bed/workspace/1/1442561-1442922-/1/mirdup_validation.txt adapted in /vagrant/cgi-bin/t/functional/output/fullpipeline-bed/workspace/1/1442561-1442922-/1/mirdup_validation.txt.arff submitted to model plant.model

Summary results of predictions
======
Correctly Classified Instances           1              100      %
Incorrectly Classified Instances         0                0      %
Kappa statistic                          1     
Mean absolute error                      0.3937
Total Number of Instances                1     

