>1__1250411-1250555- (MFEI: -0.793333333333333)
UAAAGGUUUUAUAAAUACUAAAUUAAUAUGACGUUGUGAAAUCUAACCGGAUUUUGGAUCUCGCCAUUUAACCGUGGUCAUUAGCGAUUCCACAAAUCCAACAUGUUUUUCACAUCUUCAUGUGUAUUUAGCAUUUAUGUUUUUA
((((((...(((((((.((((((..((((((.(.(((((((..................................................................))))))).).))))))..)))))).)))))))))))))
