>1__1430290-1430422, MFE structure
GGGACCAUUGGGCGUGUCCGUAUGGACAGUUUUUUUUAUGGGCCAAGUUGGACGGUCCAUAAUGGACAAUGGGCCGAAAAAUGUUCAUGCCCAAUAAAGACCAUGUCCAUAUGGGCAAGCCCAUGUAUAGCCC
(((.....(((((.((((((((((((((....(((((((((((...(((...((((((((........))))))))...)))......)))).)))))))...)))))))))))))).))))).......)))
