>1__6543242-6543337, MFE structure
GAGUAAUUGUAUGUUGCACUCUUUUUCCCUUAACCAUGGUUUUUCCCAUUGGGUUUUCCUGGUAAGGUUUUUAAUGAGGCAGCAUUUCAAAUACUU
(((((.(((.(((((((.(((.((...(((((.(((.((.....(((...)))....)))))))))).....)).))))))))))..))).)))))
