>4__1023847-1024244, stemloop structure
AACUUUCAAAAAAUGGCCAAAUUAACCGUGAACUUUUGAAAUGGUCGUUUUAUACCUCAAAAAAAAGUUGAUUUCUAAUUUAACCUAUAAUUUAUUGUUGACUUCUAAUUUAACAUAUAAUUUAUCGUUGACCCAGCCAAAUAGACUCACCGUUAACACUCCUUAACAGCGCUCCUAACAGCCGUUACAAAACAUGGCCUAACAGCCGUUAUCGUUGGUUUAAGGACAAAAACAGUUGUUAGUUACGCUGUUAGGAGAGCUGUUAAGAAGUGUUAAUGGUGAGUCGAUUUGGCCGUGUCAACGAUAACUUAUAGGUUAAAUUAGAAGUCAACUUUUUGUUGAGGUAUAAAACGGCCAUUUCAAAAAUUCAUGGUUAAUUUGGCCACUUUUUAAAAGUU
((((((.(((((.(((((((((((((((((((.(((((((((((((((((((((((((((.(((((((((((((((((((((((((((((..........................................................................................................................................................................................................................))))))))))))))))))))))))))))).))))))))))))))))))))))))))).))))))))))))))))))).))))).))))))
