>4__1116570-1116885, stemloop structure
UUUAAGGGUUAAGUUGUAUACUAGUCACUUUUUAAAAUUUAAUUGAAAAAAUAGUCACUUUACUAUUUAUAAUUUGCAAAAUAGUCACUUUUCACUGUUUGAUUCGUACACUUAGUUUGUACACCACUUUUAGUGAUCAGAUGUAUAUAAAAAAUACACAGCGUACACUUUACAUUUGUACAAUAAAAGUGAUGUACAAUCCAAGUGUACGAAUCAAACAGUGAAAAGUGACUACUUUGCAAAUUAUGAAUAGUAAAGUGACUACUUUCCUAAUUAAGUUUGAAAAAGUGACUAUUUUGCCAAAACACCCCUUGAA
((((((((.....(((((...((((((((((((.(((((((((((..(((.(((((((((((((((((((((((((((((.((((((((((((((((((((((((((((((((.(.(((((((.((((((((.((..((((((((.........................))))))))..)).)))))))).))))))).).)))))))))))))))))))))))))))))))).))))))))))))))))))))))))))))).)))..))))))))))).))))))))))))...)).))).....))))))))
