>4__313266-313379, MFE structure
CUAUCAAAAACUUAAAACCUUUCAAAACCUCUUGGUAUAUUCAAAUUAGGAUUCUUCAUUCAUGAAAUCAUUAUUCCAAGGGUUUUGGGAUGUCUUACGAAAUAAUUUUGGUAG
(((((((((.(.(((.((.((((((((((.(((((.(((......(((.((........)).)))......))).))))))))))))))).)).))).)......)))))))))
