>1__1975860-1976109-
GCAAAACAUAUGUUUUUUUGGGAGUUUUUAGAUAAUUAAAUCAGAGAAUAGGGCUGGGCAUAUGAGUAAUCUAUUCGAGUUCGGGUAGAACCAUUCGGGUUUGGGAUUAAUGGGUAUAUGAUUUACUACCCAAUAGAAUAAUUCUAAAUAUUCGGUUCUGGUUCGGGUCGGGUCCAGUUGGAUUCGGGUCAGUUUUGAUAAAAAGUUUCAGGCCCUAAAAAUACCCAAAAAAAUAGAAACGGUAUUUUGU
(((((((...((((((((((((.((((((((.......................................................................................................................................................................................)))))))).))))))))))))......))..))))) (-16.35)
