contig15916__198-313	uucugauucgcuuggugcaggucgggaacggcuuggccgacgguuucauauuugucuccacugugugaaaccucguagcuugaguacuguccugccuugcaucaacugaaucugaa	(((.((((((.((((((((((.(((((...((((((((((.((((((((((.((....))..)))))))))))))..)).)))))....))))).)))))))))).)))))).)))
