mirna	UGACCUAGUCAUUUGAUCGUUAGC	AGUUCAAUUUGUUUUCUAAUCGUUAUGUAAAUUUAGCAUUUUAUUUUUUUCGUUUUUAGACUAGAUUUACAAAACGAUAUGAAAACUAACCGGACUUUGGAUCCCGUCAUUUGACCUAGUCAUUUGAUCGUUAGCGAUUUCACAAGUUCAAUUUGUUUUCUAAUCGUUAUGUGAAUUUAGCAUUUUUUUGUUUUUGACUAGAUUUAUAAAACAAUAUGAAAACUAACCGGACU	(((((.....((((((..((.(((.(((((((((((((......................(((((((((((.((((((..((((((.....((((((((((((((((((..((((...))))..))).))...).)).)))).)))))).....))))))..)))))).)))))))))))((......))....)).))))))))))).))).))..)))))).....)))))	false	1
