>1__1728976-1729208-
AGTTCAATTTGTTTTCTAATCGTTATGTAAATTTAGCATTTTATTTTTTTCGTTTTTAGACTAGATTTACAAAACGATATGAAAACTAACCGGACTTTGGATCCCGTCATTTGACCTAGTCATTTGATCGTTAGCGATTTCACAAGTTCAATTTGTTTTCTAATCGTTATGTGAATTTAGCATTTTTTTGTTTTTGACTAGATTTATAAAACAATATGAAAACTAACCGGACT
