ucauuguuacggcgguuuucugauucgcuuggugcaggucgggaacggcuuggccgacgguuucauauuugucuccacugugugaaaccucguagcuugaguacuguccugccuugcaucaacugaaucugaaccgauguaaauga
(((((..((((.((((((...((((((.((((((((((.(((((...((((((((((.((((((((((.((....))..)))))))))))))..)).)))))....))))).)))))))))).)))))).)))))).))))))))) (-59.10)
uuacggcgguuuucugauucgcuuggugcaggucgggaacggcuuggccgacgguuucauauuugucuccacugugugaaaccucguagcuugaguacuguccugccuugcaucaacugaaucugaaccgauguaa
(((((.((((((...((((((.((((((((((.(((((...((((((((((.((((((((((.((....))..)))))))))))))..)).)))))....))))).)))))))))).)))))).)))))).))))) (-57.30)
uucugauucgcuuggugcaggucgggaacggcuuggccgacgguuucauauuugucuccacugugugaaaccucguagcuugaguacuguccugccuugcaucaacugaaucugaa
(((.((((((.((((((((((.(((((...((((((((((.((((((((((.((....))..)))))))))))))..)).)))))....))))).)))))))))).)))))).))) (-48.80)
ccgacgguuucauauuugucuccacugugugaaaccucguagcuugaguacuguccugccuugcaucaacugaaucugaaccgauguaaaugaucugugaccgguguaggagaauuggaugaauauuguugg
(((((((((((((.....(((((((((.((.(....((((.................................................))))....).))))))...))))).....))))).)))))))) (-21.98)
gucuccacugugugaaaccucguagcuugaguacuguccugccuugcaucaacugaaucugaaccgauguaaaugaucugugaccgguguaggagaauuggaugaauauuguuggagau
((((((((.((((..(.((...(..((((..((((((((....(((((((...............))))))).......).)).)))))))))..)...)).)..)))).).))))))) (-21.60)
