>contig15916
.((.(((((...))))).)). ( -0.40)  347
.(((((........))))). ( -4.10)  333
.((((.((((.(((((...............))))))))).)))) ( -4.70)  325
.((((((....(.(((((...((......)).....))))).)....)))))). ( -8.10)  313
.((((...((((((....(.(((((...((......)).....))))).)....)))))))))) ( -8.30)  306
.(((.((((.(((..((((..................)))).....))).)))).))). ( -8.50)  298
.((((.......(((..((((..................))))...)))......)))). ( -9.70)  296
.((..((((((.((((.(((..((((..................)))).....))).)))).)))....))).)). (-10.50)  291
.(((.((....((((.......(((..((((..................))))...)))......))))......)).))). (-13.20)  286
.((((.....)))). ( -2.00)  268
.((((((((.((((..(.((...(..((((..((((((((....(((((((...............))))))).......).)).)))))))))..)...)).)..)))).).))))))) (-21.80)  250
.(((((.....(((((((((.((.(....((((.((..((......))..)).(((((((...............)))))))))))....).))))))...))))).....))))). (-22.10)  241
.(((((((((((((.....(((((((((.((.(....((((.((..((......))..)).(((((((...............)))))))))))....).))))))...))))).....))))).)))))))). (-32.10)  233
.(((((...((((((((((.((((((((((.((....))..)))))))))))))..)).)))))....))))). (-25.80)  219
.(((((((....))))))). ( -9.70)  214
.((((((((((.(((((...((((((((((.((((((((((.((....))..)))))))))))))..)).)))))....))))).)))))))))). (-40.20)  208
.((((((.((((((((((.(((((...((((((((((.((((((((((.((....))..)))))))))))))..)).)))))....))))).)))))))))).)))))). (-47.10)  201
.(((.((((((.((((((((((.(((((...((((((((((.((((((((((.((....))..)))))))))))))..)).)))))....))))).)))))))))).)))))).))). (-49.40)  197
.((((((...((((((.((((((((((.(((((...((((((((((.((((((((((.((....))..)))))))))))))..)).)))))....))))).)))))))))).)))))).)))))). (-54.90)  192
.(((((.((((((...((((((.((((((((((.(((((...((((((((((.((((((((((.((....))..)))))))))))))..)).)))))....))))).)))))))))).)))))).)))))).))))). (-58.40)  186
.(((((..((((.((((((...((((((.((((((((((.(((((...((((((((((.((((((((((.((....))..)))))))))))))..)).)))))....))))).)))))))))).)))))).)))))).))))))))). (-59.60)  180
.(((((.....))))). ( -1.40)  167
.((((....)))). ( -2.40)  156
.(((..((((.(......).))))..))). ( -3.20)  142
.((((((((((((......))).))))))))). ( -6.20)  127
.(((.((((((...........)))))).))). ( -4.70)  124
.(((((..(.((((((((((((......))).))))))))))..))))). (-12.50)  118
.((((((....)))))). ( -2.00)  100
.((((.((....)))))). ( -2.30)   83
.((((((((....((((.((....)))))).)))))))). ( -8.60)   71
.((((.((((((((....((((.((....)))))).)))))))).)))). (-11.30)   66
.(((((((((...((((.((((((((....((((.((....)))))).)))))))).))))....(((((..(.((((((((((((......))).))))))))))..)))))))))))))). (-30.60)   54
.(((((.....))))). ( -0.90)   36
.(((((((((.................((((((..(((((.........)))))..)))))).((((.((....))))))(((((((((((....))))))).))))((((((((((((......))).))))))))))))))).))). (-34.20)   21
.((((....((((.................)))))))). ( -4.60)   16
aaaaaaccucacauacagcccccguaucucucucucucuauaauugauaggcuauuuucuucucucucuagaaaugagcuuacauggcaugcagauccauugcuuauuuauagguauagauacagcagauauauauuauuuauucauauauguguaucgagguaucggaagaagaaauuuucauuguuacggcgguuuucugauucgcuuggugcaggucgggaacggcuuggccgacgguuucauauuugucuccacugugugaaaccucguagcuugaguacuguccugccuugcaucaacugaaucugaaccgauguaaaugaucugugaccgguguaggagaauuggaugaauauuguuggagau
 (-99.00)
