>1__55915-56006, MFE structure
UAAAUUGCGUUUUUGACAGGAAAAUGUGAAAUCUUUUUGGCAGGAAAAUGUUGAAUGUCUUUUUUGGCGGUAAACUGUUAAAUCGCGGUUUA
(((((((((..((((((((.....(((.(((....(((((((......))))))).......))).))).....)))))))).)))))))))
