ChrC__254-554__33-101	-1.75263157894737	-33.30	-48.2608695652174