cagcagauauauauuauuuauucauauauguguaucgagguaucggaagaagaaauuuucauuguuacggcgguuuucugauucgcuuggugcaggucgggaacggcuuggccgacgguuucauauuugucuccacugugugaaaccucguagcuugaguacuguccugccuugcaucaacugaaucugaaccgauguaaaugaucugugaccgguguaggagaauuggaugaauauuguug
((((((........((((((((((......(.(((...(((..((((...........(((((..((((.((((((...((((((.((((((((((.(((((...((((((((((.((((((((((.((....))..)))))))))))))..)).)))))....))))).)))))))))).)))))).)))))).)))))))))))))..)))...))).).....)))))))))))))))) (-77.10)
auauuauuuauucauauauguguaucgagguaucggaagaagaaauuuucauuguuacggcgguuuucugauucgcuuggugcaggucgggaacggcuuggccgacgguuucauauuugucuccacugugugaaaccucguagcuugaguacuguccugccuugcaucaacugaaucugaaccgauguaaaugaucugugaccgguguaggagaauuggaugaauauugu
(((.((((((((((......(.(((...(((..((((...........(((((..((((.((((((...((((((.((((((((((.(((((...((((((((((.((((((((((.((....))..)))))))))))))..)).)))))....))))).)))))))))).)))))).)))))).)))))))))))))..)))...))).).....)))))))))).))) (-75.60)
uauucauauauguguaucgagguaucggaagaagaaauuuucauuguuacggcgguuuucugauucgcuuggugcaggucgggaacggcuuggccgacgguuucauauuugucuccacugugugaaaccucguagcuugaguacuguccugccuugcaucaacugaaucugaaccgauguaaaugaucugugaccgguguaggagaauuggaugaaua
(((((((....((...((....((((((....(((.....(((((..((((.((((((...((((((.((((((((((.(((((...((((((((((.((((((((((.((....))..)))))))))))))..)).)))))....))))).)))))))))).)))))).)))))).))))))))))))....))))))...))..))...))))))) (-72.00)
uucauauauguguaucgagguaucggaagaagaaauuuucauuguuacggcgguuuucugauucgcuuggugcaggucgggaacggcuuggccgacgguuucauauuugucuccacugugugaaaccucguagcuugaguacuguccugccuugcaucaacugaaucugaaccgauguaaaugaucugugaccgguguaggagaauuggaugaauauuguugga
((((...((((.((((.((.((((((....(((.....(((((..((((.((((((...((((((.((((((((((.(((((...((((((((((.((((((((((.((....))..)))))))))))))..)).)))))....))))).)))))))))).)))))).)))))).))))))))))))....))))))........)).)))).))))...)))) (-70.20)
uuacggcgguuuucugauucgcuuggugcaggucgggaacggcuuggccgacgguuucauauuugucuccacugugugaaaccucguagcuugaguacuguccugccuugcaucaacugaaucugaaccgauguaa
(((((.((((((...((((((.((((((((((.(((((...((((((((((.((((((((((.((....))..)))))))))))))..)).)))))....))))).)))))))))).)))))).)))))).))))) (-57.30)
uucugauucgcuuggugcaggucgggaacggcuuggccgacgguuucauauuugucuccacugugugaaaccucguagcuugaguacuguccugccuugcaucaacugaaucugaa
(((.((((((.((((((((((.(((((...((((((((((.((((((((((.((....))..)))))))))))))..)).)))))....))))).)))))))))).)))))).))) (-48.80)
ccgacgguuucauauuugucuccacugugugaaaccucguagcuugaguacuguccugccuugcaucaacugaaucugaaccgauguaaaugaucugugaccgguguaggagaauuggaugaauauuguugg
(((((((((((((.....(((((((((.((.(....((((.................................................))))....).))))))...))))).....))))).)))))))) (-21.98)
gucuccacugugugaaaccucguagcuugaguacuguccugccuugcaucaacugaaucugaaccgauguaaaugaucugugaccgguguaggagaauuggaugaauauuguuggagau
((((((((.((((..(.((...(..((((..((((((((....(((((((...............))))))).......).)).)))))))))..)...)).)..)))).).))))))) (-21.60)
