>1__258444-258598+
GTTGGATCACGGATTCTGTCATTGTTCTTTGGTCGATTTTTGGAAATTAATATCTCATTAATATTTAATTNNNNNNNGGTTAAGTTTATTAACAGGTTTTAGTTCAGGGTTTGTTTAACTAAAAACATAGTTCAGGATTTAAAAATGGATCTGGC
