UUUUAAGAAAAUAAAAUAAAAAAUAAAUGCUAAAUAUAUAUGAAAAUGUGAAAAAACAUGUUGGAUUUGUGGAAUCGCUAAUGACCACGGCUGAAUGGCGGGAUCCAAAAUCCGAUUAGAUUUCACAACGUCAUAUUAAUUUAAUAUUUAUAAAACCUUUUUUAAAA
((((((((((............(((((((.(((((..((((((...(((((((......(((((((((.((((.((((((.(.((....).).).))))))..)))))))))))))....)))))))...))))))..))))).)))))))......)))))))))) (-37.10)
AUAAAUGCUAAAUAUAUAUGAAGAUGUGAAAAACAUGUUGGAUUUAUGGAAUCGCUAAUGACCACGGUUCAAUGGCGGGAUCCAAAAUCCGGUUAGAUUUCACAACGUCAUAUUAAUUUAGUAUUUGUAAAACCUUUUGAAAAUAAAAUAAAAAAAAAAAGACAAAAAAAAUAAAGAAUUAAAAACCUUUUAAGAAAAUAAAAUAAAAAAUAAAUGCUAAAUAUACAUGAAGAUGUGAAAAACAUGUUGGAUUUGUGGAAUUGCUAAUGACCAUGGUUAAAUGGCGGGAUCCAAAAUCCGAUUAGAUUUUAUAACGUCAUAUUAAUUUAGUAUUUAU
(((((((((((((..((((((.(.(((((((.....(((((((((.((((.((((((.((((((.(((.((.((((((..((((((((((((.....(((((((.(.((((....(((((((((((((.....(((((..................))))).................((((((...))))))................)))))))))))))....)))).).)))))))......)))))))).)))).)))))).))))).))))))..))))))..)))))))))))))....))))))).).))))))..))))))))))))) (-90.40)
GAUGUGAAAAACAUGUUGGAUUUAUGGAAUCGCUAAUGACCACGGUUCAAUGGCGGGAUCCAAAAUCCGGUUAGAUUUCACAACGUCAUAUUAAUUUAGUAUUUGUAAAACCUUUUGAAAAUAAAAUAAAAAAAAAAAGACAAAAAAAAUAAAGAAUUAAAAACCUUUUAAGAAAAUAAAAUAAAAAAUAAAUGCUAAAUAUACAUGAAGAUGUGAAAAACAUGUUGGAUUUGUGGAAUUGCUAAUGACCAUGGUUAAAUGGCGGGAUCCAAAAUCCGAUUAGAUUUUAUAACGUC
(((((..((((...(((((((((.((((.((((((.((((((.(((.((.((((((..((((((((((((.....(((((((.(.((((....(((((((((((((.....(((((..................))))).................((((((...))))))................)))))))))))))....)))).).)))))))......)))))))).)))).)))))).))))).))))))..))))))..)))))))))))))....))))...))))) (-73.70)
AUAAAUGCUAAAUAUACAUGAAGAUGUGAAAAACAUGUUGGAUUUGUGGAAUUGCUAAUGACCAUGGUUAAAUGGCGGGAUCCAAAAUCCGAUUAGAUUUUAUAACGUCAUAUUAAUUUAGUAUUUAU
(((((((((((((....((((.(.(((((((.....(((((((((.((((.((((((.((((....))))..))))))..)))))))))))))....))))))).).))))....))))))))))))) (-36.40)
AAAUAAAGAAUUAAAAACCUUUUAAGAAAAUAAAAUAAAAAAUAAAUGCUAAAUAUACAUGAAGAUGUGAAAAACAUGUUGGAUUUGUGGAAUUGCUAAUGACCAUGGUUAAAUGGCGGGAUCCAAAAUCCGAUUAGAUUUUAUAACGUCAUAUUAAUUUAGUAUUUAUAAAAACCUUAAAAAUUAUUUAUUU
(((((((.((((........((((((...............(((((((((((((....((((.(.(((((((.....(((((((((.((((.((((((.((((....))))..))))))..)))))))))))))....))))))).).))))....)))))))))))))......)))))))))).))))))) (-36.80)
GAUGUGAAAAACAUGUUGGAUUUGUGGAAUUGCUAAUGACCAUGGUUAAAUGGCGGGAUCCAAAAUCCGAUUAGAUUUUAUAACGUC
(((((..((((...(((((((((.((((.((((((.((((....))))..))))))..)))))))))))))....))))...))))) (-23.30)
UGCUAAUGACCAUGGUUAAAUGGCGGGAUCCAAAAUCCGAUUAGAUUUUAUAACGUCAUAUUAAUUUAGUA
((((((........(((((((((((..((..((((((......))))))))..)))))).))))))))))) (-12.70)
UAAUGACCAUGGUUAAAUGGCGGGAUCCAAAAUCCGAUUAGAUUUUAUAACGUCAUAUUAAUUUAGUAUUUA
(((..((...((((((((((((..((..((((((......))))))))..)))))).))))))..))..))) (-11.80)
