Locus  : 1:258444-258598
Strand : +

GUUGGAUCACGGAUUCUGUCAUUGUUCUUUGGUCGAUUUUUGGAAAUUAAUAUCUCAUUAAUAUUUAAUUACUGUGGGGUUAAGUUUAUUAACAGGUUUUAGUUCAGGGUUUGUUUAACUAAAAACAUAGUUCAGGAUUUAAAAAUGGAUCUGGC
........************************............................................................................................................................ length=24 depth=2
.........************************........................................................................................................................... length=24 depth=1
............************************........................................................................................................................ length=24 depth=4
..............**********************........................................................................................................................ length=22 depth=2
...................************************................................................................................................................. length=24 depth=1
....................***********************................................................................................................................. length=23 depth=1
....................************************................................................................................................................ length=24 depth=1
......................***********************............................................................................................................... length=23 depth=2
......................************************.............................................................................................................. length=24 depth=1
.......................*********************................................................................................................................ length=21 depth=1
.......................**********************............................................................................................................... length=22 depth=1
.......................************************............................................................................................................. length=24 depth=2
........................***********************............................................................................................................. length=23 depth=2
.........................***********************............................................................................................................ length=23 depth=1
...........................************************......................................................................................................... length=24 depth=1
.............................***********************........................................................................................................ length=23 depth=1
............................................................************************........................................................................ length=24 depth=1
.......................................................................................************************............................................. length=24 depth=2
..............................................................................................***********************....................................... length=23 depth=1
...............................................................................................**********************....................................... length=22 depth=1
..................................................................................................***********************................................... length=23 depth=2
...................................................................................................................................************************. length=24 depth=1
