Locus  : 1:1476478-1476712
Strand : +

UCCUUCUGUCCGAUAAAGAUAAAUUUUCUAGGAAAAAUAUUUGUCCCACAAAGAUAGAAGUUUUAUAUUUCCAAUGCAAAUUUUAAAACUGUUUUCCCGUUUUACCCUUACUAAAUAAUUAGAUAAAUAUUUAUUAUUGUUUUUAAAGUAUAUUAAGAGGUUAAAAUUGUCUUUAUACAAUAUUUCUUAAAGAAUGUGAAAUUUCUAAAAAUUUCAUCUUAGUGGGACGGAGGGA
(((((((((((.((.((((((((((((....................................................................................................................................................................................))))))).))))).)).)))))))))))
.................................................................................***********************................................................................................................................................... length=23 depth=1
.......................................................................................***********************............................................................................................................................. length=23 depth=1
..........................................................................................***********************.......................................................................................................................... length=23 depth=1
........................................................................................................................................................***********************............................................................ length=23 depth=1
.........................................................................................................................................................................................................************************.......... length=24 depth=1
..........................................................................................................................................................................................................************************......... length=24 depth=2
...........................................................................................................................................................................................................************************........ length=24 depth=1
.............................................................................................................................................................................................................***********************....... length=23 depth=1
..................................................................................................................................................................................................................*********************.... length=21 depth=2
