UCCUUCUGUCCGAUAAAGAUAAAUUUUCUAGGAAAAAUAUUUGUCCCACAAAGAUAGAAGUUUUAUAUUUCCAAUGCAAAUUUUAAAACUGUUUUCCCGUUUUACCCUUACUAAAUAAUUAGAUAAAUAUUUAUUAUUGUUUUUAAAGUAUAUUAAGAGGUUAAAAUUGUCUUUAUACAAUAUUUCUUAAAGAAUGUGAAAUUUCUAAAAAUUUCAUCUUAGUGGGACGGAGGGA
(((((((((((.((.((((((((((((....................................................................................................................................................................................))))))).))))).)).))))))))))) (-22.77)
UUUCUAAAAAUUUCAUCUUAGUGGGACGGAGGGAGUAUAUGGUAUAUUUCAAAGAAAAAAAAAACUUAAAAUACCAUAUAGUUUCGAUCAUUAAACUAAAAACUGAAAAAAAGAAA
(((((.....(((((..(((((..((.((.((((.((((((((((.........................)))))))))).))))..)).))..)))))....)))))...))))) (-19.30)
