--- sequence
--- GGGACCAUUGGGCGUGUCCGUAUGGACAGUUUUUUUUAUGGGCCAAGUUGGACGGUCCAUAAUGGACAAUGGGCCGAAAAAUGUUCAUGCCCAAUAAAGACCAUGUCCAUAUGGGCAAGCCCAUGUAUAGCCC
--- criteria_reads_mirna
--- 0
--- alignment_existence
--- 1
--- identifier
--- 1__1430290-1430422-1
--- hairpin
--- "   ACCAU--     G              GUUU       -    CAA---   GGA        AAU\nGGG       UGGGC
  UGUCCGUAUGGACA    UUUUUAU GGGC      GUU   CGGUCCAU   G\n|||       ||||| ||||||||||||||
  \   ||||||| ||||      |||   ||||||||   \nCCC       ACCCG ACGGGUAUACCUGU    AGAAAUA
  CCCG      UAA   GCCGGGUA   G\n   GAUAUGU     A              ACC-       A    UACUUG
  \  AAA        ACA\n"
--- reads_distribution
--- 1
--- mirna_position
--- 1430311-1430334
--- alternatives
---
1__1430295-1430414+:
  amfe: -46.8333333333333
  cluster: 1430207-1430503
  end_position: 1430414
  energy_optimal: '-56.20'
  energy_stemloop: '-56.20'
  mfei: -0.985964912280702
  reads:
    1430310-1430332: 1
    1430310-1430333: 1
    1430311-1430334: 27
    1430312-1430334: 5
    1430312-1430335: 1
    1430317-1430340: 5
    1430318-1430341: 3
    1430319-1430341: 2
    1430319-1430342: 2
    1430320-1430341: 1
    1430322-1430345: 1
    1430331-1430352: 1
    1430337-1430358: 1
    1430345-1430367: 2
    1430345-1430368: 1
    1430350-1430371: 1
    1430350-1430373: 5
    1430352-1430374: 1
    1430352-1430375: 3
    1430356-1430379: 1
  sequence: CAUUGGGCGUGUCCGUAUGGACAGUUUUUUUUAUGGGCCAAGUUGGACGGUCCAUAAUGGACAAUGGGCCGAAAAAUGUUCAUGCCCAAUAAAGACCAUGUCCAUAUGGGCAAGCCCAUG
  start_position: 1430295
  strand: +
  structure_optimal: (((.((((.((((((((((((((....(((((((((((...(((...((((((((........))))))))...)))......)))).)))))))...)))))))))))))).)))))))
  structure_stemloop: (((.((((.((((((((((((((....(((((((((((...(((...((((((((........))))))))...)))......)))).)))))))...)))))))))))))).)))))))
1__1430298-1430412+:
  amfe: -48.9565217391304
  cluster: 1430207-1430503
  end_position: 1430412
  energy_optimal: '-56.30'
  energy_stemloop: '-56.30'
  mfei: -1.02363636363636
  reads:
    1430310-1430332: 1
    1430310-1430333: 1
    1430311-1430334: 27
    1430312-1430334: 5
    1430312-1430335: 1
    1430317-1430340: 5
    1430318-1430341: 3
    1430319-1430341: 2
    1430319-1430342: 2
    1430320-1430341: 1
    1430322-1430345: 1
    1430331-1430352: 1
    1430337-1430358: 1
    1430345-1430367: 2
    1430345-1430368: 1
    1430350-1430371: 1
    1430350-1430373: 5
    1430352-1430374: 1
    1430352-1430375: 3
    1430356-1430379: 1
  sequence: UGGGCGUGUCCGUAUGGACAGUUUUUUUUAUGGGCCAAGUUGGACGGUCCAUAAUGGACAAUGGGCCGAAAAAUGUUCAUGCCCAAUAAAGACCAUGUCCAUAUGGGCAAGCCCA
  start_position: 1430298
  strand: +
  structure_optimal: (((((.((((((((((((((....(((((((((((...(((...((((((((........))))))))...)))......)))).)))))))...)))))))))))))).)))))
  structure_stemloop: (((((.((((((((((((((....(((((((((((...(((...((((((((........))))))))...)))......)))).)))))))...)))))))))))))).)))))
--- criteria_nb_reads
--- 0
--- mirna_length
--- 24
--- name
--- '1'
--- energy_optimal
--- '-60.20'
--- mfe
--- '-60.20'
--- mirna_sequence
--- AUGGACAGUUUUUUUUAUGGGCCA
--- end_position
--- 1430422
--- reads
---
1430310-1430332: 1
1430310-1430333: 1
1430311-1430334: 27
1430312-1430334: 5
1430312-1430335: 1
1430317-1430340: 5
1430318-1430341: 3
1430319-1430341: 2
1430319-1430342: 2
1430320-1430341: 1
1430322-1430345: 1
1430331-1430352: 1
1430337-1430358: 1
1430345-1430367: 2
1430345-1430368: 1
1430350-1430371: 1
1430350-1430373: 5
1430352-1430374: 1
1430352-1430375: 3
1430356-1430379: 1
1430393-1430416: 1
--- start_position
--- 1430290
--- alignments
---
114-129:
- alignment: 'GGCAAGCCCAUGU-AUA

    ||||| ||||||| | |

    GGCAAUCCCAUGUCAAA

'
  begin_query: 1
  begin_target: 114
  def_query: MIMAT0017689 Arabidopsis lyrata miR848-5p |
  end_query: 17
  end_target: 129
  name: aly-miR848-5p
  score: -3
  seq: GGCAAUCCCAUGUCAAA
  strand_target: +
--- position
--- 1430290-1430422
--- structure_stemloop
--- (((.....(((((.((((((((((((((....(((((((((((...(((...((((((((........))))))))...)))......)))).)))))))...)))))))))))))).))))).......)))
--- nb_reads
--- 66
--- structure_optimal
--- (((.....(((((.((((((((((((((....(((((((((((...(((...((((((((........))))))))...)))......)))).)))))))...)))))))))))))).))))).......)))
--- '%GC'
--- '48.87'
--- CT
---
'1': '133'
'10': '122'
'100': '33'
'101': '0'
'102': '0'
'103': '0'
'104': '28'
'105': '27'
'106': '26'
'107': '25'
'108': '24'
'109': '23'
'11': '121'
'110': '22'
'111': '21'
'112': '20'
'113': '19'
'114': '18'
'115': '17'
'116': '16'
'117': '15'
'118': '0'
'119': '13'
'12': '120'
'120': '12'
'121': '11'
'122': '10'
'123': '9'
'124': '0'
'125': '0'
'126': '0'
'127': '0'
'128': '0'
'129': '0'
'13': '119'
'130': '0'
'131': '3'
'132': '2'
'133': '1'
'14': '0'
'15': '117'
'16': '116'
'17': '115'
'18': '114'
'19': '113'
'2': '132'
'20': '112'
'21': '111'
'22': '110'
'23': '109'
'24': '108'
'25': '107'
'26': '106'
'27': '105'
'28': '104'
'29': '0'
'3': '131'
'30': '0'
'31': '0'
'32': '0'
'33': '100'
'34': '99'
'35': '98'
'36': '97'
'37': '96'
'38': '95'
'39': '94'
'4': '0'
'40': '92'
'41': '91'
'42': '90'
'43': 89
'44': '0'
'45': '0'
'46': '0'
'47': 82
'48': '81'
'49': '80'
'5': '0'
'50': '0'
'51': '0'
'52': '0'
'53': '76'
'54': '75'
'55': '74'
'56': '73'
'57': '72'
'58': '71'
'59': '70'
'6': '0'
'60': '69'
'61': '0'
'62': '0'
'63': '0'
'64': '0'
'65': '0'
'66': '0'
'67': '0'
'68': '0'
'69': '60'
'7': '0'
'70': '59'
'71': '58'
'72': '57'
'73': '56'
'74': '55'
'75': '54'
'76': '53'
'77': '0'
'78': '0'
'79': '0'
'8': '0'
'80': '49'
'81': '48'
'82': '47'
'83': '0'
'84': '0'
'85': '0'
'86': '0'
'87': '0'
'88': '0'
'89': '43'
'9': '123'
'90': '42'
'91': '41'
'92': '40'
'93': '0'
'94': '39'
'95': '38'
'96': '37'
'97': '36'
'98': '35'
'99': '34'
--- alignment
--- 1
--- strand
--- +
--- quality
--- 3
--- cluster
--- 1430207-1430503
--- criteria_star
--- 1
--- criteria_mirdup
--- 0
--- image
--- /vagrant/cgi-bin/t/functional/output/fullpipeline-bed/workspace/1/1430207-1430503+/1/image.png
--- length
--- 133
--- amfe
--- -45.2631578947368
--- mfei
--- -0.926153846153846
--- full_position
--- 1430290-1430422&nbsp;+
--- mirdup_validation
---
1__114-129: 0
