--- sequence
--- UUUGUCAUGUUUCACCAUUACUCCACAUGUUAAAGUUUAAUUGGACAAGUUAUAAUGGAUACAAACUAUCAUUAACUAAUUGGAUUUUGAGUGUUGCUAUUUGAAAGCAAUGUCUACAUAUUGUUCUUGGGGCUUGGAGACCUAUAGGAUUAUUAGUUUAUACAUAAUGAAAUCGUGUUGGAUGCUUUGAUAGUUUGUGUCCAUGAAAACUUGUCCAACAAGAUGUGACCAUGUGGAAAUGAUGUAUUCUCAUGUGCGAA
--- criteria_reads_mirna
--- 0
--- alignment_existence
--- 1
--- identifier
--- 1__1442611-1442870-1
--- hairpin
--- "     -    UUUCAC     C-        -   AA    AA           AUA                 UUAA--
  \    UG       A-   UUGCUAUUUGAAAGCAAUGUCUACAUAUUGUUC\nUUUGU CAUG      CAUUA  UCCACAUG
  UUA  GUUU  UUGGACAAGUU   AUGGAUACAAACUAUCA      CUAAU  GAUUUUG  GUG                                 U\n|||||
  ||||      |||||  |||||||| |||  ||||  |||||||||||   |||||||||||||||||      |||||
  \ |||||||  |||                                 U\nAAGCG GUAC      GUAGU  AGGUGUAC
  AGU  UAGA  AACCUGUUCAA   UACCUGUGUUUGAUAGU      GGUUG  CUAAAGU  UAC                                 G\n
  \    U    UCUUAU     AA        C   G-    AC           AAG                 UUCGUA
  \    UG       AA   AUAUUUGAUUAUUAGGAUAUCCAGAGGUUCGGG\n"
--- reads_distribution
--- 0
--- mirna_position
--- ''
--- alternatives
---
1__1442630-1442855-:
  amfe: -31.7699115044248
  cluster: 1442561-1442922
  end_position: 1442855
  energy_optimal: '-71.80'
  energy_stemloop: '-59.41'
  mfei: -0.957333333333333
  reads:
    1442632-1442655: 2
    1442668-1442690: 1
    1442670-1442692: 1
    1442673-1442696: 3
    1442686-1442709: 1
    1442733-1442756: 1
    1442737-1442760: 1
    1442739-1442760: 1
    1442763-1442785: 2
    1442773-1442796: 2
    1442774-1442794: 1
    1442774-1442797: 9
  sequence: CAUUACUCCACAUGUUAAAGUUUAAUUGGACAAGUUAUAAUGGAUACAAACUAUCAUUAACUAAUUGGAUUUUGAGUGUUGCUAUUUGAAAGCAAUGUCUACAUAUUGUUCUUGGGGCUUGGAGACCUAUAGGAUUAUUAGUUUAUACAUAAUGAAAUCGUGUUGGAUGCUUUGAUAGUUUGUGUCCAUGAAAACUUGUCCAACAAGAUGUGACCAUGUGGAAAUG
  start_position: 1442630
  strand: '-'
  structure_optimal: ((((..(((((((((((..((((..(((((((((((...(((((((((((((((((....(((((..(((((((.((((((((.......)))))(((..((..((.(((((((((.........)))).))))).))..))..))))))..)))))))..)))))......)))))))))))))))))...)))))))))))..)))).))).))))))))))))
  structure_stemloop: ((((..(((((((((((..((((..(((((((((((...(((((((((((((((((....(((((..(((((((.(((.....................................................................)))..)))))))..)))))......)))))))))))))))))...)))))))))))..)))).))).))))))))))))
1__1442642-1442842-:
  amfe: -29.8507462686567
  cluster: 1442561-1442922
  end_position: 1442842
  energy_optimal: '-60.00'
  energy_stemloop: '-47.61'
  mfei: -0.923076923076923
  reads:
    1442668-1442690: 1
    1442670-1442692: 1
    1442673-1442696: 3
    1442686-1442709: 1
    1442733-1442756: 1
    1442737-1442760: 1
    1442739-1442760: 1
    1442763-1442785: 2
    1442773-1442796: 2
    1442774-1442794: 1
    1442774-1442797: 9
  sequence: GUUAAAGUUUAAUUGGACAAGUUAUAAUGGAUACAAACUAUCAUUAACUAAUUGGAUUUUGAGUGUUGCUAUUUGAAAGCAAUGUCUACAUAUUGUUCUUGGGGCUUGGAGACCUAUAGGAUUAUUAGUUUAUACAUAAUGAAAUCGUGUUGGAUGCUUUGAUAGUUUGUGUCCAUGAAAACUUGUCCAACAAGAUGUGAC
  start_position: 1442642
  strand: '-'
  structure_optimal: ((((..((((..(((((((((((...(((((((((((((((((....(((((..(((((((.((((((((.......)))))(((..((..((.(((((((((.........)))).))))).))..))..))))))..)))))))..)))))......)))))))))))))))))...)))))))))))..)))).))))
  structure_stemloop: ((((..((((..(((((((((((...(((((((((((((((((....(((((..(((((((.(((.....................................................................)))..)))))))..)))))......)))))))))))))))))...)))))))))))..)))).))))
--- criteria_nb_reads
--- 0
--- mirna_length
--- ''
--- name
--- '1'
--- energy_optimal
--- '-79.80'
--- mfe
--- '-67.41'
--- mirna_sequence
--- ''
--- end_position
--- 1442870
--- reads
---
1442626-1442649: 1
1442627-1442650: 1
1442632-1442655: 2
1442668-1442690: 1
1442670-1442692: 1
1442673-1442696: 3
1442686-1442709: 1
1442733-1442756: 1
1442737-1442760: 1
1442739-1442760: 1
1442763-1442785: 2
1442773-1442796: 2
1442774-1442794: 1
1442774-1442797: 9
--- start_position
--- 1442611
--- alignments
---
221-241:
- alignment: 'AGAUGUGACCAUGUGGAAAUG

    ||| |||||||| |||| |||

    AGAGGUGACCAU-UGGAGAUG

'
  begin_query: 1
  begin_target: 221
  def_query: MIMAT0022439 Arabidopsis thaliana miR5662 |
  end_query: 20
  end_target: 241
  name: ath-miR5662
  score: -3
  seq: AGAGGUGACCAUUGGAGAUG
  strand_target: +
--- position
--- 1442611-1442870
--- structure_stemloop
--- (((((((((......(((((.(((((((((((..((((..(((((((((((...(((((((((((((((((....(((((..(((((((.(((.....................................................................)))..)))))))..)))))......)))))))))))))))))...)))))))))))..)))).))).))))))))..)))))......)))).)))))
--- nb_reads
--- 27
--- structure_optimal
--- (((((((((......(((((.(((((((((((..((((..(((((((((((...(((((((((((((((((....(((((..(((((((.((((((((.......)))))(((..((..((.(((((((((.........)))).))))).))..))..))))))..)))))))..)))))......)))))))))))))))))...)))))))))))..)))).))).))))))))..)))))......)))).)))))
--- orphan_hairpin
--- 0
--- '%GC'
--- '33.46'
--- CT
---
'1': '260'
'10': '0'
'100': '0'
'101': '0'
'102': '0'
'103': '0'
'104': '0'
'105': '0'
'106': '0'
'107': '0'
'108': '0'
'109': '0'
'11': '0'
'110': '0'
'111': '0'
'112': '0'
'113': '0'
'114': '0'
'115': '0'
'116': '0'
'117': '0'
'118': '0'
'119': '0'
'12': '0'
'120': '0'
'121': '0'
'122': '0'
'123': '0'
'124': '0'
'125': '0'
'126': '0'
'127': '0'
'128': '0'
'129': '0'
'13': '0'
'130': '0'
'131': '0'
'132': '0'
'133': '0'
'134': '0'
'135': '0'
'136': '0'
'137': '0'
'138': '0'
'139': '0'
'14': '0'
'140': '0'
'141': '0'
'142': '0'
'143': '0'
'144': '0'
'145': '0'
'146': '0'
'147': '0'
'148': '0'
'149': '0'
'15': '0'
'150': '0'
'151': '0'
'152': '0'
'153': '0'
'154': '0'
'155': '0'
'156': '0'
'157': '0'
'158': '0'
'159': '0'
'16': '244'
'160': '0'
'161': '0'
'162': '0'
'163': '93'
'164': '92'
'165': '91'
'166': '0'
'167': '0'
'168': '89'
'169': '88'
'17': '243'
'170': '87'
'171': '86'
'172': '85'
'173': '84'
'174': '83'
'175': '0'
'176': '0'
'177': '80'
'178': '79'
'179': '78'
'18': '242'
'180': '77'
'181': '76'
'182': '0'
'183': '0'
'184': '0'
'185': '0'
'186': '0'
'187': '0'
'188': '71'
'189': '70'
'19': '241'
'190': '69'
'191': '68'
'192': '67'
'193': '66'
'194': '65'
'195': '64'
'196': '63'
'197': '62'
'198': '61'
'199': '60'
'2': '259'
'20': '240'
'200': '59'
'201': '58'
'202': '57'
'203': '56'
'204': '55'
'205': '0'
'206': '0'
'207': '0'
'208': '51'
'209': '50'
'21': '0'
'210': '49'
'211': '48'
'212': '47'
'213': '46'
'214': '45'
'215': '44'
'216': '43'
'217': '42'
'218': '41'
'219': '0'
'22': '237'
'220': '0'
'221': '38'
'222': '37'
'223': '36'
'224': '35'
'225': '0'
'226': '32'
'227': '31'
'228': '30'
'229': '0'
'23': '236'
'230': '29'
'231': '28'
'232': '27'
'233': '26'
'234': '25'
'235': '24'
'236': '23'
'237': '22'
'238': '0'
'239': '0'
'24': '235'
'240': '20'
'241': '19'
'242': '18'
'243': '17'
'244': '16'
'245': '0'
'246': '0'
'247': '0'
'248': '0'
'249': '0'
'25': '234'
'250': '0'
'251': '9'
'252': '8'
'253': '7'
'254': '6'
'255': '0'
'256': '5'
'257': '4'
'258': '3'
'259': '2'
'26': '233'
'260': '1'
'27': '232'
'28': '231'
'29': '230'
'3': '258'
'30': '228'
'31': '227'
'32': '226'
'33': '0'
'34': '0'
'35': '224'
'36': '223'
'37': '222'
'38': '221'
'39': '0'
'4': '257'
'40': '0'
'41': '218'
'42': '217'
'43': '216'
'44': '215'
'45': '214'
'46': '213'
'47': '212'
'48': '211'
'49': '210'
'5': '256'
'50': '209'
'51': '208'
'52': '0'
'53': '0'
'54': '0'
'55': '204'
'56': '203'
'57': '202'
'58': '201'
'59': '200'
'6': '254'
'60': '199'
'61': '198'
'62': '197'
'63': '196'
'64': '195'
'65': '194'
'66': '193'
'67': '192'
'68': '191'
'69': '190'
'7': '253'
'70': '189'
'71': '188'
'72': '0'
'73': '0'
'74': '0'
'75': '0'
'76': '181'
'77': '180'
'78': '179'
'79': '178'
'8': '252'
'80': '177'
'81': '0'
'82': '0'
'83': '174'
'84': '173'
'85': '172'
'86': '171'
'87': '170'
'88': '169'
'89': '168'
'9': '251'
'90': '0'
'91': '165'
'92': '164'
'93': '163'
'94': '0'
'95': '0'
'96': '0'
'97': '0'
'98': '0'
'99': '0'
--- alignment
--- 1
--- strand
--- '-'
--- quality
--- 1
--- cluster
--- 1442561-1442922
--- criteria_star
--- 0
--- criteria_mirdup
--- 0
--- image
--- /vagrant/cgi-bin/t/functional/output/fullpipeline-bed/workspace/1/1442561-1442922-/1/image.png
--- length
--- 260
--- amfe
--- -30.6923076923077
--- mfei
--- -0.917241379310345
