--- sequence
--- GAAUAACAAAUUCUUACAUCAAGAAGAAGAGGAGUGAAAGGCCGAGAUACAGAUCGAAACAUAGAUAUCACUUACCAAUUGAUAAUUGGGUGACGCCUCUGUUUCAGUUUAGAUUUCGGCUUCCCAUUCCUCUUCAUCAAGAUGUAAGAAUCUUAUUC
--- criteria_reads_mirna
--- 1
--- identifier
--- 1__2165554-2165711-2
--- hairpin
--- "      CAA           AA  A           AA          AC    C      U  AUA    UUA      \nGAAUAA
  \  AUUCUUACAUC  GA GAAGAGGAGUG  AGGCCGAGAU  AGAU GAAACA AG   UCAC   CCAAUUG\n||||||
  \  |||||||||||  || |||||||||||  ||||||||||  |||| |||||| ||   ||||   |||||| A\nCUUAUU
  \  UAAGAAUGUAG  CU CUUCUCCUUAC  UUCGGCUUUA  UUUG CUUUGU UC   AGUG   GGUUAAU\n      C--
  \          AA  A           CC          GA    A      C  CGC    ---      \n"
--- reads_distribution
--- 1
--- mirna_position
--- 2165589-2165610
--- alternatives
--- {}
--- criteria_nb_reads
--- 0
--- mirna_length
--- 22
--- name
--- '1'
--- energy_optimal
--- '-67.00'
--- mfe
--- '-67.00'
--- mirna_sequence
--- UUUCAGUUUAGAUUUCGGCUUC
--- end_position
--- 2165711
--- reads
---
2165577-2165597: 1
2165589-2165610: 16
2165590-2165610: 3
--- start_position
--- 2165554
--- position
--- 2165554-2165711
--- structure_stemloop
--- ((((((...(((((((((((..((.(((((((((((..((((((((((..((((.((((((.((...((((...((((((...))))))))))...)).)))))).))))..))))))))))..))))))))))).))..))))))))))).))))))
--- nb_reads
--- 20
--- structure_optimal
--- ((((((...(((((((((((..((.(((((((((((..((((((((((..((((.((((((.((...((((...((((((...))))))))))...)).)))))).))))..))))))))))..))))))))))).))..))))))))))).))))))
--- '%GC'
--- '37.34'
--- CT
---
'1': '158'
'10': '151'
'100': '61'
'101': '60'
'102': '59'
'103': '58'
'104': '57'
'105': '56'
'106': '0'
'107': '54'
'108': '53'
'109': '52'
'11': '150'
'110': '51'
'111': '0'
'112': '0'
'113': '48'
'114': '47'
'115': '46'
'116': '45'
'117': '44'
'118': '43'
'119': '42'
'12': '149'
'120': '41'
'121': '40'
'122': '39'
'123': '0'
'124': '0'
'125': '36'
'126': '35'
'127': '34'
'128': '33'
'129': '32'
'13': '148'
'130': '31'
'131': '30'
'132': '29'
'133': '28'
'134': '27'
'135': '26'
'136': '0'
'137': '24'
'138': '23'
'139': '0'
'14': '147'
'140': '0'
'141': '20'
'142': '19'
'143': '18'
'144': '17'
'145': '16'
'146': '15'
'147': '14'
'148': '13'
'149': '12'
'15': '146'
'150': '11'
'151': '10'
'152': '0'
'153': '6'
'154': '5'
'155': '4'
'156': '3'
'157': '2'
'158': '1'
'16': '145'
'17': '144'
'18': '143'
'19': '142'
'2': '157'
'20': '141'
'21': '0'
'22': '0'
'23': '138'
'24': '137'
'25': '0'
'26': '135'
'27': '134'
'28': '133'
'29': '132'
'3': '156'
'30': '131'
'31': '130'
'32': '129'
'33': '128'
'34': '127'
'35': '126'
'36': '125'
'37': '0'
'38': '0'
'39': '122'
'4': '155'
'40': '121'
'41': '120'
'42': '119'
'43': '118'
'44': '117'
'45': '116'
'46': '115'
'47': '114'
'48': '113'
'49': '0'
'5': '154'
'50': '0'
'51': '110'
'52': '109'
'53': '108'
'54': '107'
'55': '0'
'56': '105'
'57': '104'
'58': '103'
'59': '102'
'6': '153'
'60': '101'
'61': '100'
'62': '0'
'63': '98'
'64': '97'
'65': '0'
'66': '0'
'67': '0'
'68': '93'
'69': '92'
'7': '0'
'70': '91'
'71': '90'
'72': '0'
'73': '0'
'74': '0'
'75': '89'
'76': '88'
'77': '87'
'78': '86'
'79': '85'
'8': '0'
'80': '84'
'81': '0'
'82': '0'
'83': '0'
'84': '80'
'85': '79'
'86': '78'
'87': '77'
'88': '76'
'89': '75'
'9': '0'
'90': '71'
'91': '70'
'92': '69'
'93': '68'
'94': '0'
'95': '0'
'96': '0'
'97': '64'
'98': '63'
'99': '0'
--- alignment
--- 0
--- strand
--- '-'
--- quality
--- 3
--- cluster
--- 2165489-2165786
--- criteria_star
--- 0
--- criteria_mirdup
--- 0
--- image
--- /vagrant/cgi-bin/t/functional/output/fullpipeline-bed/workspace/1/2165489-2165786-/2/image.png
--- length
--- 158
--- amfe
--- -42.4050632911392
--- mfei
--- -1.13559322033898
--- full_position
--- 2165554-2165711&nbsp;-
