--- sequence
--- GAUCGAUGAUUAUAGUAUAGAUCGGUAAAAGCAUGUUUUCAAUGAUUCAAUAAAGAAGAGAAUCAUGCUUAUCAUUUGUUUCUAUAAUUACUAUC
--- criteria_reads_mirna
--- 0
--- identifier
--- 1__6538703-6538797-2
--- hairpin
--- "   C A         U-      C    AA      -     AAUGA   AA\nGAU G UGAUUAUAG  AUAGAU
  GGUA  AGCAUG UUUUC     UUC  U\n||| | |||||||||  |||||| ||||  |||||| |||||     |||
  \ \nCUA C AUUAAUAUC  UGUUUA CUAU  UCGUAC AAGAG     AAG  A\n   U -         UU      -
  \   --      U     -----   AA\n"
--- reads_distribution
--- 1
--- mirna_position
--- 6538719-6538742
--- alternatives
---
'1__6538709-6538792+ (MFEI: -0.99)':
  sequence: UGAUUAUAGUAUAGAUCGGUAAAAGCAUGUUUUCAAUGAUUCAAUAAAGAAGAGAAUCAUGCUUAUCAUUUGUUUCUAUAAUUA
  structure_stemloop: (((((((((.((((((.((((..(((((((((((.....(((......)))))))).))))))))))))))))..)))))))))
--- criteria_nb_reads
--- 0
--- mirna_length
--- 24
--- energy_optimal
--- '-22.00'
--- name
--- '1'
--- mfe
--- '-22.00'
--- mirna_sequence
--- AUAGAUCGGUAAAAGCAUGUUUUC
--- end_position
--- 6538797
--- reads
---
6538707-6538726: 1
6538714-6538734: 1
6538714-6538737: 1
6538717-6538734: 2
6538719-6538741: 1
6538719-6538742: 4
6538752-6538771: 1
--- start_position
--- 6538703
--- alignments
--- {}
--- position
--- 6538703-6538797
--- structure_stemloop
--- (((.(.(((((((((.((((((.((((..(((((((((((.....(((......)))))))).))))))))))))))))..)))))))))).)))
--- nb_reads
--- 11
--- structure_optimal
--- (((.(.(((((((((.((((((.((((..(((((((((((.....(((......)))))))).))))))))))))))))..)))))))))).)))
--- orphan_hairpin
--- 0
--- '%GC'
--- '27.37'
--- CT
---
'1': '95'
'10': '87'
'11': '86'
'12': '85'
'13': '84'
'14': '83'
'15': '82'
'16': '0'
'17': '79'
'18': '78'
'19': '77'
'2': '94'
'20': '76'
'21': '75'
'22': '74'
'23': '0'
'24': '73'
'25': '72'
'26': '71'
'27': '70'
'28': '0'
'29': '0'
'3': '93'
'30': '69'
'31': '68'
'32': '67'
'33': '66'
'34': '65'
'35': '64'
'36': '62'
'37': '61'
'38': '60'
'39': '59'
'4': '0'
'40': '58'
'41': '0'
'42': '0'
'43': '0'
'44': '0'
'45': '0'
'46': '57'
'47': '56'
'48': '55'
'49': '0'
'5': '91'
'50': '0'
'51': '0'
'52': '0'
'53': '0'
'54': '0'
'55': '48'
'56': '47'
'57': '46'
'58': '40'
'59': '39'
'6': '0'
'60': '38'
'61': '37'
'62': '36'
'63': '0'
'64': '35'
'65': '34'
'66': '33'
'67': '32'
'68': '31'
'69': '30'
'7': '90'
'70': '27'
'71': '26'
'72': '25'
'73': '24'
'74': '22'
'75': '21'
'76': '20'
'77': '19'
'78': '18'
'79': '17'
'8': '89'
'80': '0'
'81': '0'
'82': '15'
'83': '14'
'84': '13'
'85': '12'
'86': '11'
'87': '10'
'88': '9'
'89': '8'
'9': '88'
'90': '7'
'91': '5'
'92': '0'
'93': '3'
'94': '2'
'95': '1'
--- alignment
--- 0
--- strand
--- +
--- quality
--- 3
--- cluster
--- 6538451-6538916
--- criteria_star
--- 0
--- criteria_mirdup
--- 1
--- image
--- /vagrant/cgi-bin/t/functional/output/fullpipeline-bed/images/1__6538703-6538797-2.png
--- length
--- 95
--- amfe
--- '-23.16'
--- mfei
--- '-0.85'
