--- sequence
--- GCGGAGAAGCUGUAGGCGCUUUAUCGAGAGGUUUUGUGUACGGGCUUCUGCUAAGGUUUGCUCGUGGCAACUAGGAUGGGACUCCAACUCUUUGGUAUCUUCGAGUUGUGGAAAUCACGCAAAUUUCCGAGUUUAGCUUCUCGGAAUCGGUGUUUCUUCUCUUAUUUCCGC
--- criteria_reads_mirna
--- 0
--- identifier
--- 4__1270783-1270953-1
--- hairpin
--- "       ----  CU U       UUA-          UUGUGUACGGGCUUCUGCUAAGGUUUGCUCGUGGCAACUAGGAUGGGAC\nGCGGAGA
  \   AG  G AGGCGCU    UCGAGAGGUU                                                 U\n|||||||
  \   ||  | |||||||    ||||||||||                                                 C\nCGCCUUU
  \   UC  C UUUGUGG    GGCUCUUCGA                                                 C\n
  \      AUUC  UU -       CUAA          UUUGAGCCUUUAAACGCACUAAAGGUGUUGAGCUUCUAUGGUUUCUCAA\n"
--- reads_distribution
--- 2
--- mirna_position
--- 1270929-1270952
--- alternatives
--- {}
--- criteria_nb_reads
--- 0
--- mirna_length
--- 24
--- name
--- '4'
--- energy_optimal
--- '-50.50'
--- mfe
--- '-23.20'
--- mirna_sequence
--- CGGAGAAGCUGUAGGCGCUUUAUC
--- end_position
--- 1270953
--- reads
---
1270785-1270808: 2
1270793-1270812: 1
1270793-1270816: 2
1270795-1270813: 1
1270796-1270818: 1
1270797-1270820: 2
1270798-1270821: 3
1270798-1270822: 1
1270799-1270822: 2
1270800-1270822: 1
1270800-1270823: 3
1270801-1270824: 2
1270833-1270854: 2
1270833-1270856: 1
1270834-1270857: 1
1270837-1270857: 1
1270838-1270861: 2
1270841-1270863: 1
1270850-1270873: 1
1270855-1270878: 2
1270856-1270878: 1
1270856-1270879: 3
1270858-1270881: 1
1270861-1270884: 1
1270865-1270887: 1
1270869-1270890: 1
1270869-1270892: 2
1270886-1270904: 1
1270902-1270925: 1
1270905-1270929: 1
1270908-1270931: 1
1270924-1270946: 1
1270924-1270947: 3
1270929-1270952: 13
1270931-1270948: 1
1270931-1270953: 2
--- start_position
--- 1270783
--- alignments
--- {}
--- position
--- 1270783-1270953
--- structure_stemloop
--- (((((((((..(.(((((((...((((((((((.....................................................................................................))))))))))....))))))))..))....)))))))
--- nb_reads
--- 66
--- structure_optimal
--- (((((((((..(.(((((((...((((((((((.....(((((((.(((....)))...)))))))((((((..((..(((..((((....))))..))))).))))))((((((.......))))))......))))))))))....))))))))..))....)))))))
--- orphan_hairpin
--- 0
--- '%GC'
--- '47.95'
--- CT
---
'1': '171'
'10': '0'
'100': '0'
'101': '0'
'102': '0'
'103': '0'
'104': '0'
'105': '0'
'106': '0'
'107': '0'
'108': '0'
'109': '0'
'11': '0'
'110': '0'
'111': '0'
'112': '0'
'113': '0'
'114': '0'
'115': '0'
'116': '0'
'117': '0'
'118': '0'
'119': '0'
'12': '156'
'120': '0'
'121': '0'
'122': '0'
'123': '0'
'124': '0'
'125': '0'
'126': '0'
'127': '0'
'128': '0'
'129': '0'
'13': '0'
'130': '0'
'131': '0'
'132': '0'
'133': '0'
'134': '0'
'135': '33'
'136': '32'
'137': '31'
'138': '30'
'139': '29'
'14': '155'
'140': '28'
'141': '27'
'142': '26'
'143': '25'
'144': 24
'145': '0'
'146': '0'
'147': '0'
'148': '0'
'149': 20
'15': '154'
'150': '19'
'151': '18'
'152': '17'
'153': '16'
'154': '15'
'155': '14'
'156': '12'
'157': '0'
'158': '0'
'159': '9'
'16': '153'
'160': '8'
'161': '0'
'162': '0'
'163': '0'
'164': '0'
'165': '7'
'166': '6'
'167': '5'
'168': '4'
'169': '3'
'17': '152'
'170': '2'
'171': '1'
'18': '151'
'19': '150'
'2': '170'
'20': '149'
'21': '0'
'22': '0'
'23': '0'
'24': '144'
'25': '143'
'26': '142'
'27': '141'
'28': '140'
'29': '139'
'3': '169'
'30': '138'
'31': '137'
'32': '136'
'33': '135'
'34': '0'
'35': '0'
'36': '0'
'37': '0'
'38': '0'
'39': '0'
'4': '168'
'40': '0'
'41': '0'
'42': '0'
'43': '0'
'44': '0'
'45': '0'
'46': '0'
'47': '0'
'48': '0'
'49': '0'
'5': '167'
'50': '0'
'51': '0'
'52': '0'
'53': '0'
'54': '0'
'55': '0'
'56': '0'
'57': '0'
'58': '0'
'59': '0'
'6': '166'
'60': '0'
'61': '0'
'62': '0'
'63': '0'
'64': '0'
'65': '0'
'66': '0'
'67': '0'
'68': '0'
'69': '0'
'7': '165'
'70': '0'
'71': '0'
'72': '0'
'73': '0'
'74': '0'
'75': '0'
'76': '0'
'77': '0'
'78': '0'
'79': '0'
'8': '160'
'80': '0'
'81': '0'
'82': '0'
'83': '0'
'84': '0'
'85': '0'
'86': '0'
'87': '0'
'88': '0'
'89': '0'
'9': '159'
'90': '0'
'91': '0'
'92': '0'
'93': '0'
'94': '0'
'95': '0'
'96': '0'
'97': '0'
'98': '0'
'99': '0'
--- alignment
--- 0
--- strand
--- '-'
--- quality
--- 3
--- cluster
--- 1270783-1271103
--- criteria_star
--- 1
--- criteria_mirdup
--- 1
--- image
--- /vagrant/cgi-bin/t/functional/output/fullpipeline-bed/images/4__1270783-1270953-1.png
--- length
--- 171
--- amfe
--- -29.5321637426901
--- mfei
--- -0.615853658536585
