--- sequence
--- GUAAAGAUGAUUUAAAAAUAUAUGAUAUUAUUUUAUUUGAUUUUAAAUGUAUAGUAAACUGUGAGUUGUAUAUGUUUUAUUGAUAUUAUCUAUAU
--- criteria_reads_mirna
--- 0
--- identifier
--- 4__1001115-1001209-1
--- hairpin
--- "   A       -    --         AUA-    --      UG  UU\nGUA AGAUGAU UUAA  AAAUAUAUG
  \   UUAU  UUUAUU  AU  U\n||| ||||||| ||||  |||||||||    ||||  ||||||  ||  A\nUAU
  UCUAUUA AGUU  UUUGUAUAU    AGUG  AAAUGA  UG  A\n   A       U    AU         GUUG
  \   UC      UA  UA\n"
--- reads_distribution
--- 0
--- mirna_position
--- ''
--- alternatives
---
4__1000977-1001351+:
  amfe: '-18.67'
  cluster: 1000792-1001417
  end_position: 1001351
  energy_optimal: '-70.00'
  energy_stemloop: '-22.88'
  mfei: '-0.71'
  reads:
    1000988-1001010: 1
    1000989-1001012: 6
    1001011-1001034: 1
    1001014-1001037: 1
    1001015-1001035: 2
    1001016-1001035: 2
    1001016-1001039: 3
    1001017-1001034: 1
    1001017-1001035: 1
    1001017-1001038: 1
    1001018-1001035: 1
    1001018-1001038: 3
    1001018-1001040: 1
    1001018-1001041: 2
    1001019-1001042: 2
    1001020-1001040: 1
    1001020-1001042: 1
    1001020-1001043: 9
    1001021-1001042: 1
    1001021-1001043: 1
    1001021-1001044: 12
    1001022-1001044: 1
    1001023-1001043: 2
    1001023-1001046: 1
    1001024-1001044: 1
    1001024-1001046: 3
    1001025-1001043: 1
    1001025-1001045: 1
    1001025-1001047: 2
    1001025-1001048: 12
    1001027-1001047: 2
    1001027-1001049: 7
    1001027-1001051: 1
    1001028-1001048: 1
    1001028-1001051: 5
    1001030-1001053: 1
    1001031-1001051: 1
    1001032-1001054: 1
    1001032-1001056: 1
    1001033-1001052: 1
    1001033-1001056: 1
    1001035-1001057: 1
    1001036-1001060: 1
    1001037-1001056: 1
    1001041-1001064: 1
    1001042-1001065: 1
    1001044-1001066: 2
    1001045-1001066: 1
    1001047-1001070: 2
    1001049-1001072: 5
    1001050-1001073: 2
    1001051-1001073: 1
    1001051-1001074: 1
    1001052-1001075: 2
    1001054-1001077: 1
    1001068-1001090: 1
    1001068-1001092: 2
    1001070-1001092: 1
    1001073-1001095: 1
    1001078-1001101: 1
    1001081-1001103: 1
    1001117-1001140: 1
    1001118-1001141: 1
    1001153-1001176: 2
    1001154-1001177: 1
    1001155-1001178: 2
    1001156-1001176: 1
    1001157-1001175: 1
    1001157-1001180: 1
    1001158-1001181: 6
    1001159-1001181: 3
    1001159-1001182: 2
    1001159-1001183: 1
    1001160-1001180: 2
    1001160-1001183: 22
    1001161-1001184: 7
    1001162-1001181: 1
    1001162-1001185: 1
    1001163-1001183: 1
    1001163-1001186: 1
    1001164-1001184: 2
    1001164-1001185: 1
    1001164-1001186: 21
    1001164-1001187: 1
    1001165-1001185: 1
    1001165-1001186: 18
    1001165-1001187: 1
    1001165-1001188: 14
    1001165-1001189: 1
    1001166-1001184: 2
    1001166-1001188: 1
    1001166-1001189: 1
    1001167-1001189: 1
    1001167-1001190: 37
    1001168-1001190: 1
    1001170-1001190: 2
    1001170-1001192: 1
    1001177-1001199: 1
    1001196-1001218: 1
    1001196-1001219: 1
    1001206-1001228: 1
    1001218-1001238: 1
    1001223-1001246: 1
    1001240-1001259: 1
    1001240-1001263: 2
    1001249-1001272: 1
    1001250-1001273: 1
    1001251-1001273: 1
    1001251-1001274: 1
    1001252-1001275: 1
    1001253-1001273: 1
    1001253-1001275: 1
    1001275-1001298: 1
    1001280-1001303: 3
    1001280-1001304: 1
    1001282-1001305: 3
    1001283-1001303: 1
    1001283-1001305: 1
    1001283-1001306: 2
    1001284-1001303: 1
    1001284-1001305: 1
    1001285-1001308: 3
    1001286-1001303: 1
    1001287-1001310: 1
    1001288-1001311: 4
    1001289-1001312: 2
    1001290-1001312: 1
    1001291-1001314: 1
    1001294-1001316: 1
    1001294-1001317: 5
    1001294-1001318: 3
    1001295-1001316: 1
    1001295-1001317: 1
    1001295-1001318: 107
    1001295-1001319: 2
    1001296-1001317: 2
    1001296-1001318: 27
    1001296-1001319: 152
    1001296-1001320: 1
    1001297-1001318: 3
    1001297-1001319: 45
    1001297-1001320: 5
    1001298-1001318: 1
    1001298-1001320: 2
    1001298-1001321: 1
    1001299-1001319: 1
    1001301-1001320: 1
    1001304-1001328: 1
  sequence: UGAGUAUUCAGUAUAUUUUGCUUCAGUUUAGGAAAUUUUUGAUGACCCGUCUUUAGAUCCAAUAAGCCCUAUAAUCUAGAUAUUAACCUGUAGUAUACCGCAGGUAGGCUUAUAUUUUAGUUAAACUAAAAACUUAUUGUAAAGAUGAUUUAAAAAUAUAUGAUAUUAUUUUAUUUGAUUUUAAAUGUAUAGUAAACUGUGAGUUGUAUAUGUUUUAUUGAUAUUAUCUAUAUUGUUUAGUGUUUAAGAUUAUACACUUGUACUUUGAUUGUUAAUUUAAGAGUUUCACCUGUAGUAGACCAUCUUGUAUUAAUAUCGAUCUAAACCCGUCAAUUCUAGGAUUUUCUAGCUUGUAUUAAAAAUUGAAUCACAUCA
  start_position: 1000977
  strand: +
  structure_optimal: ((((((((((((...(((((...(((.((((((((((((.((((((..((..(((((((..((((((((((.....)))......((((((........)))))).))))))).(((((((...)))))))((((((.((....(((((((((((.((.((((.......)))).)).)))))))).))).....)).))))))((((((.((((((..(((((((...........)))))))))))))))))))..........(((.((((((.(((((((((.((.....))))))..))))).))))))))))))))))))..))))..)).)))))))))))).)))...)))))))))))).)).)))
  structure_stemloop: ((((((((((((...(((((...(((.((((((((((((.((((((..((..(((((((..................................................................................................................................................................................................................................................................)))))))))..))))..)).)))))))))))).)))...)))))))))))).)).)))
4__1001001-1001327+:
  amfe: '-18.84'
  cluster: 1000792-1001417
  end_position: 1001327
  energy_optimal: '-61.60'
  energy_stemloop: '-14.48'
  mfei: '-0.72'
  reads:
    1001011-1001034: 1
    1001014-1001037: 1
    1001015-1001035: 2
    1001016-1001035: 2
    1001016-1001039: 3
    1001017-1001034: 1
    1001017-1001035: 1
    1001017-1001038: 1
    1001018-1001035: 1
    1001018-1001038: 3
    1001018-1001040: 1
    1001018-1001041: 2
    1001019-1001042: 2
    1001020-1001040: 1
    1001020-1001042: 1
    1001020-1001043: 9
    1001021-1001042: 1
    1001021-1001043: 1
    1001021-1001044: 12
    1001022-1001044: 1
    1001023-1001043: 2
    1001023-1001046: 1
    1001024-1001044: 1
    1001024-1001046: 3
    1001025-1001043: 1
    1001025-1001045: 1
    1001025-1001047: 2
    1001025-1001048: 12
    1001027-1001047: 2
    1001027-1001049: 7
    1001027-1001051: 1
    1001028-1001048: 1
    1001028-1001051: 5
    1001030-1001053: 1
    1001031-1001051: 1
    1001032-1001054: 1
    1001032-1001056: 1
    1001033-1001052: 1
    1001033-1001056: 1
    1001035-1001057: 1
    1001036-1001060: 1
    1001037-1001056: 1
    1001041-1001064: 1
    1001042-1001065: 1
    1001044-1001066: 2
    1001045-1001066: 1
    1001047-1001070: 2
    1001049-1001072: 5
    1001050-1001073: 2
    1001051-1001073: 1
    1001051-1001074: 1
    1001052-1001075: 2
    1001054-1001077: 1
    1001068-1001090: 1
    1001068-1001092: 2
    1001070-1001092: 1
    1001073-1001095: 1
    1001078-1001101: 1
    1001081-1001103: 1
    1001117-1001140: 1
    1001118-1001141: 1
    1001153-1001176: 2
    1001154-1001177: 1
    1001155-1001178: 2
    1001156-1001176: 1
    1001157-1001175: 1
    1001157-1001180: 1
    1001158-1001181: 6
    1001159-1001181: 3
    1001159-1001182: 2
    1001159-1001183: 1
    1001160-1001180: 2
    1001160-1001183: 22
    1001161-1001184: 7
    1001162-1001181: 1
    1001162-1001185: 1
    1001163-1001183: 1
    1001163-1001186: 1
    1001164-1001184: 2
    1001164-1001185: 1
    1001164-1001186: 21
    1001164-1001187: 1
    1001165-1001185: 1
    1001165-1001186: 18
    1001165-1001187: 1
    1001165-1001188: 14
    1001165-1001189: 1
    1001166-1001184: 2
    1001166-1001188: 1
    1001166-1001189: 1
    1001167-1001189: 1
    1001167-1001190: 37
    1001168-1001190: 1
    1001170-1001190: 2
    1001170-1001192: 1
    1001177-1001199: 1
    1001196-1001218: 1
    1001196-1001219: 1
    1001206-1001228: 1
    1001218-1001238: 1
    1001223-1001246: 1
    1001240-1001259: 1
    1001240-1001263: 2
    1001249-1001272: 1
    1001250-1001273: 1
    1001251-1001273: 1
    1001251-1001274: 1
    1001252-1001275: 1
    1001253-1001273: 1
    1001253-1001275: 1
    1001275-1001298: 1
    1001280-1001303: 3
    1001280-1001304: 1
    1001282-1001305: 3
    1001283-1001303: 1
    1001283-1001305: 1
    1001283-1001306: 2
    1001284-1001303: 1
    1001284-1001305: 1
    1001285-1001308: 3
    1001286-1001303: 1
    1001287-1001310: 1
    1001288-1001311: 4
    1001289-1001312: 2
    1001290-1001312: 1
    1001291-1001314: 1
    1001294-1001316: 1
    1001294-1001317: 5
    1001294-1001318: 3
    1001295-1001316: 1
    1001295-1001317: 1
    1001295-1001318: 107
    1001295-1001319: 2
    1001296-1001317: 2
    1001296-1001318: 27
    1001296-1001319: 152
    1001296-1001320: 1
    1001297-1001318: 3
    1001297-1001319: 45
    1001297-1001320: 5
    1001298-1001318: 1
    1001298-1001320: 2
    1001298-1001321: 1
    1001299-1001319: 1
    1001301-1001320: 1
  sequence: AGUUUAGGAAAUUUUUGAUGACCCGUCUUUAGAUCCAAUAAGCCCUAUAAUCUAGAUAUUAACCUGUAGUAUACCGCAGGUAGGCUUAUAUUUUAGUUAAACUAAAAACUUAUUGUAAAGAUGAUUUAAAAAUAUAUGAUAUUAUUUUAUUUGAUUUUAAAUGUAUAGUAAACUGUGAGUUGUAUAUGUUUUAUUGAUAUUAUCUAUAUUGUUUAGUGUUUAAGAUUAUACACUUGUACUUUGAUUGUUAAUUUAAGAGUUUCACCUGUAGUAGACCAUCUUGUAUUAAUAUCGAUCUAAACCCGUCAAUUCUAGGAUUUUCUAGCU
  start_position: 1001001
  strand: +
  structure_optimal: ((((.((((((((((.((((((..((..(((((((..((((((((((.....)))......((((((........)))))).))))))).(((((((...)))))))((((((.((....(((((((((((.((.((((.......)))).)).)))))))).))).....)).))))))((((((.((((((..(((((((...........)))))))))))))))))))..........(((.((((((.(((((((((.((.....))))))..))))).))))))))))))))))))..))))..)).))))))))))))))
  structure_stemloop: ((((.((((((((((.((((((..((..(((((((..................................................................................................................................................................................................................................................................)))))))))..))))..)).))))))))))))))
4__1001073-1001180+:
  amfe: '-15.65'
  cluster: 1000792-1001417
  end_position: 1001180
  energy_optimal: '-16.90'
  energy_stemloop: '-16.90'
  mfei: '-0.73'
  reads:
    1001073-1001095: 1
    1001078-1001101: 1
    1001081-1001103: 1
    1001117-1001140: 1
    1001118-1001141: 1
    1001153-1001176: 2
    1001154-1001177: 1
    1001155-1001178: 2
    1001156-1001176: 1
    1001157-1001175: 1
    1001157-1001180: 1
    1001160-1001180: 2
  sequence: ACCGCAGGUAGGCUUAUAUUUUAGUUAAACUAAAAACUUAUUGUAAAGAUGAUUUAAAAAUAUAUGAUAUUAUUUUAUUUGAUUUUAAAUGUAUAGUAAACUGUGAGU
  start_position: 1001073
  strand: +
  structure_optimal: (((((((....((((((((((.(((((((.(((((...(((((((.................)))))))...))))))))))))..))))))).)))...))))).))
  structure_stemloop: (((((((....((((((((((.(((((((.(((((...(((((((.................)))))))...))))))))))))..))))))).)))...))))).))
4__1001149-1001344+:
  amfe: '-15.46'
  cluster: 1000792-1001417
  end_position: 1001344
  energy_optimal: '-30.30'
  energy_stemloop: '-19.59'
  mfei: '-0.62'
  reads:
    1001153-1001176: 2
    1001154-1001177: 1
    1001155-1001178: 2
    1001156-1001176: 1
    1001157-1001175: 1
    1001157-1001180: 1
    1001158-1001181: 6
    1001159-1001181: 3
    1001159-1001182: 2
    1001159-1001183: 1
    1001160-1001180: 2
    1001160-1001183: 22
    1001161-1001184: 7
    1001162-1001181: 1
    1001162-1001185: 1
    1001163-1001183: 1
    1001163-1001186: 1
    1001164-1001184: 2
    1001164-1001185: 1
    1001164-1001186: 21
    1001164-1001187: 1
    1001165-1001185: 1
    1001165-1001186: 18
    1001165-1001187: 1
    1001165-1001188: 14
    1001165-1001189: 1
    1001166-1001184: 2
    1001166-1001188: 1
    1001166-1001189: 1
    1001167-1001189: 1
    1001167-1001190: 37
    1001168-1001190: 1
    1001170-1001190: 2
    1001170-1001192: 1
    1001177-1001199: 1
    1001196-1001218: 1
    1001196-1001219: 1
    1001206-1001228: 1
    1001218-1001238: 1
    1001223-1001246: 1
    1001240-1001259: 1
    1001240-1001263: 2
    1001249-1001272: 1
    1001250-1001273: 1
    1001251-1001273: 1
    1001251-1001274: 1
    1001252-1001275: 1
    1001253-1001273: 1
    1001253-1001275: 1
    1001275-1001298: 1
    1001280-1001303: 3
    1001280-1001304: 1
    1001282-1001305: 3
    1001283-1001303: 1
    1001283-1001305: 1
    1001283-1001306: 2
    1001284-1001303: 1
    1001284-1001305: 1
    1001285-1001308: 3
    1001286-1001303: 1
    1001287-1001310: 1
    1001288-1001311: 4
    1001289-1001312: 2
    1001290-1001312: 1
    1001291-1001314: 1
    1001294-1001316: 1
    1001294-1001317: 5
    1001294-1001318: 3
    1001295-1001316: 1
    1001295-1001317: 1
    1001295-1001318: 107
    1001295-1001319: 2
    1001296-1001317: 2
    1001296-1001318: 27
    1001296-1001319: 152
    1001296-1001320: 1
    1001297-1001318: 3
    1001297-1001319: 45
    1001297-1001320: 5
    1001298-1001318: 1
    1001298-1001320: 2
    1001298-1001321: 1
    1001299-1001319: 1
    1001301-1001320: 1
    1001304-1001328: 1
  sequence: AUUUGAUUUUAAAUGUAUAGUAAACUGUGAGUUGUAUAUGUUUUAUUGAUAUUAUCUAUAUUGUUUAGUGUUUAAGAUUAUACACUUGUACUUUGAUUGUUAAUUUAAGAGUUUCACCUGUAGUAGACCAUCUUGUAUUAAUAUCGAUCUAAACCCGUCAAUUCUAGGAUUUUCUAGCUUGUAUUAAAAAUUGAAU
  start_position: 1001149
  strand: +
  structure_optimal: ((((((((((.((((..(((.(((((..((((((.((..((((.((((((((((............(((((.((....)).))))).((((...(((.(((.(((..((........))..))).))).)))..))))))))))))))..))))..))))))))..)).))).))).....)))).))))))))))
  structure_stemloop: ((((((((((.((((..(((.(((((..((((((.((..((((.((((((((((....................................................................................))))))))))..))))..))))))))..)).))).))).....)))).))))))))))
--- criteria_nb_reads
--- 1
--- mirna_length
--- ''
--- name
--- '4'
--- energy_optimal
--- '-12.50'
--- mfe
--- '-12.50'
--- mirna_sequence
--- ''
--- end_position
--- 1001209
--- reads
---
1001117-1001140: 1
1001118-1001141: 1
1001153-1001176: 2
1001154-1001177: 1
1001155-1001178: 2
1001156-1001176: 1
1001157-1001175: 1
1001157-1001180: 1
1001158-1001181: 6
1001159-1001181: 3
1001159-1001182: 2
1001159-1001183: 1
1001160-1001180: 2
1001160-1001183: 22
1001161-1001184: 7
1001162-1001181: 1
1001162-1001185: 1
1001163-1001183: 1
1001163-1001186: 1
1001164-1001184: 2
1001164-1001185: 1
1001164-1001186: 21
1001164-1001187: 1
1001165-1001185: 1
1001165-1001186: 18
1001165-1001187: 1
1001165-1001188: 14
1001165-1001189: 1
1001166-1001184: 2
1001166-1001188: 1
1001166-1001189: 1
1001167-1001189: 1
1001167-1001190: 37
1001168-1001190: 1
1001170-1001190: 2
1001170-1001192: 1
1001177-1001199: 1
--- start_position
--- 1001115
--- alignments
--- {}
--- position
--- 1001115-1001209
--- structure_stemloop
--- (((.((((((((((((((((((((...((((((((((..((.......))..))))))..))))....)))))))))..)))).))))))).)))
--- nb_reads
--- 164
--- structure_optimal
--- (((.((((((((((((((((((((...((((((((((..((.......))..))))))..))))....)))))))))..)))).))))))).)))
--- orphan_hairpin
--- 0
--- '%GC'
--- '15.79'
--- CT
---
'1': '95'
'10': '86'
'11': '85'
'12': '83'
'13': '82'
'14': '81'
'15': '80'
'16': '77'
'17': '76'
'18': '75'
'19': '74'
'2': '94'
'20': '73'
'21': '72'
'22': '71'
'23': '70'
'24': '69'
'25': '0'
'26': '0'
'27': '0'
'28': '64'
'29': '63'
'3': '93'
'30': '62'
'31': '61'
'32': '58'
'33': '57'
'34': '56'
'35': '55'
'36': '54'
'37': '53'
'38': '0'
'39': '0'
'4': '0'
'40': '50'
'41': '49'
'42': '0'
'43': '0'
'44': '0'
'45': '0'
'46': '0'
'47': '0'
'48': '0'
'49': '41'
'5': '91'
'50': '40'
'51': '0'
'52': '0'
'53': '37'
'54': '36'
'55': '35'
'56': '34'
'57': '33'
'58': '32'
'59': '0'
'6': '90'
'60': '0'
'61': '31'
'62': '30'
'63': '29'
'64': '28'
'65': '0'
'66': '0'
'67': '0'
'68': '0'
'69': '24'
'7': '89'
'70': '23'
'71': '22'
'72': '21'
'73': '20'
'74': '19'
'75': '18'
'76': '17'
'77': '16'
'78': '0'
'79': '0'
'8': '88'
'80': '15'
'81': '14'
'82': '13'
'83': '12'
'84': '0'
'85': '11'
'86': '10'
'87': '9'
'88': '8'
'89': '7'
'9': '87'
'90': '6'
'91': '5'
'92': '0'
'93': '3'
'94': '2'
'95': '1'
--- alignment
--- 0
--- strand
--- +
--- quality
--- 2
--- cluster
--- 1000792-1001417
--- criteria_star
--- 0
--- criteria_mirdup
--- 0
--- image
--- /vagrant/cgi-bin/t/functional/output/fullpipeline-bed/images/4__1001115-1001209-1.png
--- length
--- 95
--- amfe
--- '-13.16'
--- mfei
--- '-0.83'
