--- sequence
--- UUUAAGGGUUAAGUUGUAUACUAGUCACUUUUUAAAAUUUAAUUGAAAAAAUAGUCACUUUACUAUUUAUAAUUUGCAAAAUAGUCACUUUUCACUGUUUGAUUCGUACACUUAGUUUGUACACCACUUUUAGUGAUCAGAUGUAUAUAAAAAAUACACAGCGUACACUUUACAUUUGUACAAUAAAAGUGAUGUACAAUCCAAGUGUACGAAUCAAACAGUGAAAAGUGACUACUUUGCAAAUUAUGAAUAGUAAAGUGACUACUUUCCUAAUUAAGUUUGAAAAAGUGACUAUUUUGCCAAAACACCCCUUGAA
--- criteria_reads_mirna
--- 0
--- alignment_existence
--- 1
--- identifier
--- 4__1116570-1116885-1
--- hairpin
--- "        UUAAG   -  UAC            A           AA   A                             A
  \                               A U       C        G  AU        UAUAAAAAAUA\nUUUAAGGG
  \    UUG UA   UAGUCACUUUUU AAAUUUAAUUG  AAA UAGUCACUUUACUAUUUAUAAUUUGCAAA UAGUCACUUUUCACUGUUUGAUUCGUACACUU
  G UUGUACA CACUUUUA UG  CAGAUGUA           C\n||||||||     ||| ||   ||||||||||||
  |||||||||||  ||| ||||||||||||||||||||||||||||| ||||||||||||||||||||||||||||||||
  | ||||||| |||||||| ||  ||||||||           A\nAAGUUCCC     AAC GU   AUCAGUGAAAAA
  UUUGAAUUAAU  UUU AUCAGUGAAAUGAUAAGUAUUAAACGUUU AUCAGUGAAAAGUGACAAACUAAGCAUGUGAA
  C AACAUGU GUGAAAAU AC  GUUUACAU           C\n        CACAA   C  UUU            G
  \          CC   C                             C                                C
  U       A        A  AU        UUCACAUGCGA\n"
--- reads_distribution
--- 2
--- mirna_position
--- 1116654-1116677
--- alternatives
---
'4__1116574-1116882+ (MFEI: -1.79)':
  sequence: AGGGGUGUUUUGGCAAAAUAGUCACUUUUUCAAACUUAAUUAGGAAAGUAGUCACUUUACUAUUCAUAAUUUGCAAAGUAGUCACUUUUCACUGUUUGAUUCGUACACUUGGAUUGUACAUCACUUUUAUUGUACAAAUGUAAAGUGUACGCUGUGUAUUUUUUAUAUACAUCUGAUCACUAAAAGUGGUGUACAAACUAAGUGUACGAAUCAAACAGUGAAAAGUGACUAUUUUGCAAAUUAUAAAUAGUAAAGUGACUAUUUUUUCAAUUAAAUUUUAAAAAGUGACUAGUAUACAACUUAACCCUU
  structure_stemloop: ((((((...(((......((((((((((((.(((.((((((.((((((((((((((((((((((.(((((((((((((((((((((((((((((((((((((((((((((((.((((((((((((((((.((..((.((((((((.((((.....)))).)))....))))).))..)).)))))))))))))))).))))))))))))))))))))))))))))))))))))))))))))))).)))))))))))))))))))))).)))))).))).)))))))))))).....)))....))))))
--- criteria_nb_reads
--- 1
--- mirna_length
--- 24
--- name
--- '4'
--- energy_optimal
--- '-152.00'
--- mfe
--- '-152.00'
--- mirna_sequence
--- ACGAAUCAAACAGUGAAAAGUGAC
--- end_position
--- 1116885
--- reads
---
1116576-1116599: 1
1116577-1116600: 1
1116584-1116607: 1
1116585-1116609: 1
1116590-1116612: 1
1116590-1116613: 2
1116591-1116614: 13
1116592-1116614: 1
1116593-1116615: 8
1116593-1116616: 16
1116594-1116614: 1
1116594-1116617: 20
1116614-1116634: 1
1116615-1116635: 1
1116618-1116641: 2
1116619-1116641: 1
1116620-1116638: 1
1116620-1116639: 1
1116620-1116640: 5
1116620-1116641: 3
1116620-1116642: 1
1116620-1116643: 47
1116621-1116644: 6
1116622-1116642: 2
1116622-1116643: 2
1116622-1116644: 5
1116622-1116645: 14
1116623-1116640: 3
1116623-1116641: 2
1116623-1116642: 1
1116623-1116643: 1
1116623-1116644: 7
1116623-1116645: 48
1116623-1116646: 8
1116624-1116645: 2
1116624-1116646: 2
1116625-1116647: 1
1116627-1116650: 1
1116631-1116653: 1
1116633-1116653: 1
1116636-1116659: 2
1116645-1116664: 1
1116646-1116668: 1
1116649-1116672: 1
1116650-1116670: 3
1116650-1116673: 18
1116651-1116671: 1
1116651-1116673: 1
1116651-1116674: 28
1116652-1116673: 1
1116652-1116674: 3
1116652-1116675: 5
1116653-1116670: 2
1116653-1116671: 4
1116653-1116673: 2
1116653-1116674: 7
1116653-1116675: 29
1116653-1116676: 20
1116653-1116677: 6
1116654-1116671: 2
1116654-1116672: 2
1116654-1116674: 6
1116654-1116675: 8
1116654-1116676: 18
1116654-1116677: 604
1116654-1116678: 1
1116655-1116677: 1
1116656-1116679: 12
1116657-1116675: 1
1116657-1116677: 7
1116657-1116679: 6
1116657-1116680: 25
1116657-1116681: 5
1116658-1116675: 1
1116658-1116677: 1
1116658-1116679: 2
1116658-1116680: 1
1116658-1116681: 4
1116659-1116682: 3
1116660-1116683: 5
1116661-1116683: 1
1116662-1116684: 1
1116663-1116685: 1
1116664-1116681: 1
1116664-1116682: 1
1116664-1116687: 11
1116664-1116688: 1
1116665-1116687: 1
1116665-1116688: 3
1116666-1116688: 23
1116667-1116689: 2
1116670-1116687: 1
1116670-1116688: 1
1116671-1116688: 1
1116675-1116698: 1
1116676-1116699: 1
1116677-1116700: 2
1116691-1116711: 1
1116691-1116714: 6
1116698-1116721: 1
1116707-1116729: 1
1116710-1116733: 1
1116716-1116739: 1
1116718-1116741: 1
1116731-1116754: 4
1116735-1116758: 1
1116742-1116765: 2
1116743-1116762: 1
1116743-1116763: 1
1116743-1116765: 1
1116744-1116767: 1
1116761-1116783: 1
1116766-1116786: 1
1116766-1116788: 2
1116766-1116789: 32
1116767-1116789: 5
1116767-1116790: 1
1116768-1116789: 1
1116768-1116791: 1
1116769-1116789: 2
1116769-1116792: 5
1116770-1116789: 1
1116770-1116793: 1
1116771-1116793: 1
1116771-1116794: 2
1116772-1116794: 4
1116772-1116795: 1
1116773-1116793: 1
1116773-1116794: 1
1116773-1116795: 6
1116773-1116796: 3
1116774-1116791: 3
1116774-1116792: 1
1116774-1116794: 4
1116774-1116795: 1
1116774-1116797: 23
1116775-1116794: 1
1116775-1116797: 1
1116776-1116798: 3
1116776-1116799: 2
1116777-1116797: 2
1116777-1116799: 2
1116777-1116800: 2
1116778-1116798: 2
1116778-1116800: 7
1116778-1116801: 4
1116779-1116799: 1
1116779-1116800: 1
1116779-1116801: 1
1116779-1116802: 13
1116780-1116802: 1
1116780-1116803: 3
1116781-1116803: 1
1116782-1116804: 18
1116782-1116805: 48
1116783-1116803: 1
1116783-1116805: 1
1116783-1116806: 4
1116784-1116805: 1
1116785-1116808: 3
1116786-1116809: 2
1116787-1116807: 1
1116787-1116808: 3
1116787-1116809: 9
1116787-1116810: 11
1116788-1116808: 5
1116788-1116809: 1
1116788-1116810: 4
1116788-1116811: 5
1116791-1116814: 1
1116793-1116815: 1
1116794-1116816: 1
1116795-1116817: 1
1116797-1116814: 1
1116797-1116817: 1
1116797-1116819: 1
1116827-1116850: 1
--- start_position
--- 1116570
--- alignments
---
108-126: ''
70-89: ''
--- position
--- 1116570-1116885
--- structure_stemloop
--- ((((((((.....(((((...((((((((((((.(((((((((((..(((.(((((((((((((((((((((((((((((.((((((((((((((((((((((((((((((((.(.(((((((.((((((((.((..((((((((.........................))))))))..)).)))))))).))))))).).)))))))))))))))))))))))))))))))).))))))))))))))))))))))))))))).)))..))))))))))).))))))))))))...)).))).....))))))))
--- nb_reads
--- 1438
--- structure_optimal
--- ((((((((.....(((((...((((((((((((.(((((((((((..(((.(((((((((((((((((((((((((((((.((((((((((((((((((((((((((((((((.(.(((((((.((((((((.((..((((((((.........................))))))))..)).)))))))).))))))).).)))))))))))))))))))))))))))))))).))))))))))))))))))))))))))))).)))..))))))))))).))))))))))))...)).))).....))))))))
--- orphan_hairpin
--- 0
--- '%GC'
--- '28.48'
--- CT
---
'1': '316'
'10': '0'
'100': '216'
'101': '215'
'102': '214'
'103': '213'
'104': '212'
'105': '211'
'106': '210'
'107': '209'
'108': '208'
'109': '207'
'11': '0'
'110': '206'
'111': '205'
'112': '204'
'113': '203'
'114': '0'
'115': '201'
'116': '0'
'117': '199'
'118': '198'
'119': '197'
'12': '0'
'120': '196'
'121': '195'
'122': '194'
'123': '193'
'124': '0'
'125': '191'
'126': '190'
'127': '189'
'128': '188'
'129': '187'
'13': '0'
'130': '186'
'131': '185'
'132': '184'
'133': '0'
'134': '182'
'135': '181'
'136': '0'
'137': '0'
'138': '178'
'139': '177'
'14': '303'
'140': '176'
'141': '175'
'142': '174'
'143': '173'
'144': '172'
'145': '171'
'146': '0'
'147': '0'
'148': '0'
'149': '0'
'15': '302'
'150': '0'
'151': '0'
'152': '0'
'153': '0'
'154': '0'
'155': '0'
'156': '0'
'157': '0'
'158': '0'
'159': '0'
'16': '301'
'160': '0'
'161': '0'
'162': '0'
'163': '0'
'164': '0'
'165': '0'
'166': '0'
'167': '0'
'168': '0'
'169': '0'
'17': '299'
'170': '0'
'171': '145'
'172': '144'
'173': '143'
'174': '142'
'175': '141'
'176': '140'
'177': '139'
'178': '138'
'179': '0'
'18': '298'
'180': '0'
'181': '135'
'182': '134'
'183': '0'
'184': '132'
'185': '131'
'186': '130'
'187': '129'
'188': '128'
'189': '127'
'19': '0'
'190': '126'
'191': '125'
'192': '0'
'193': '123'
'194': '122'
'195': '121'
'196': '120'
'197': '119'
'198': '118'
'199': '117'
'2': '315'
'20': '0'
'200': '0'
'201': '115'
'202': '0'
'203': '113'
'204': '112'
'205': '111'
'206': '110'
'207': '109'
'208': '108'
'209': '107'
'21': '0'
'210': '106'
'211': '105'
'212': '104'
'213': '103'
'214': '102'
'215': '101'
'216': '100'
'217': '99'
'218': '98'
'219': '97'
'22': '294'
'220': '96'
'221': '95'
'222': '94'
'223': '93'
'224': '92'
'225': '91'
'226': '90'
'227': '89'
'228': '88'
'229': '87'
'23': '293'
'230': '86'
'231': '85'
'232': '84'
'233': '83'
'234': '82'
'235': '0'
'236': '80'
'237': '79'
'238': '78'
'239': '77'
'24': '292'
'240': '76'
'241': '75'
'242': '74'
'243': '73'
'244': '72'
'245': '71'
'246': '70'
'247': '69'
'248': '68'
'249': '67'
'25': '291'
'250': '66'
'251': '65'
'252': '64'
'253': '63'
'254': '62'
'255': '61'
'256': '60'
'257': '59'
'258': '58'
'259': '57'
'26': '290'
'260': '56'
'261': '55'
'262': '54'
'263': '53'
'264': '52'
'265': '0'
'266': '50'
'267': '49'
'268': '48'
'269': '0'
'27': '289'
'270': '0'
'271': '45'
'272': '44'
'273': '43'
'274': '42'
'275': '41'
'276': '40'
'277': '39'
'278': '38'
'279': '37'
'28': '288'
'280': '36'
'281': '35'
'282': '0'
'283': '33'
'284': '32'
'285': '31'
'286': '30'
'287': '29'
'288': '28'
'289': '27'
'29': '287'
'290': '26'
'291': '25'
'292': '24'
'293': '23'
'294': '22'
'295': '0'
'296': '0'
'297': '0'
'298': '18'
'299': '17'
'3': '314'
'30': '286'
'300': '0'
'301': '16'
'302': '15'
'303': '14'
'304': '0'
'305': '0'
'306': '0'
'307': '0'
'308': '0'
'309': '8'
'31': '285'
'310': '7'
'311': '6'
'312': '5'
'313': '4'
'314': '3'
'315': '2'
'316': '1'
'32': '284'
'33': '283'
'34': '0'
'35': '281'
'36': '280'
'37': '279'
'38': '278'
'39': '277'
'4': '313'
'40': '276'
'41': '275'
'42': '274'
'43': '273'
'44': '272'
'45': '271'
'46': '0'
'47': '0'
'48': '268'
'49': '267'
'5': '312'
'50': '266'
'51': '0'
'52': '264'
'53': '263'
'54': '262'
'55': '261'
'56': '260'
'57': '259'
'58': '258'
'59': '257'
'6': '311'
'60': '256'
'61': '255'
'62': '254'
'63': '253'
'64': '252'
'65': '251'
'66': '250'
'67': '249'
'68': '248'
'69': '247'
'7': '310'
'70': '246'
'71': '245'
'72': '244'
'73': '243'
'74': '242'
'75': '241'
'76': '240'
'77': '239'
'78': '238'
'79': '237'
'8': '309'
'80': '236'
'81': '0'
'82': '234'
'83': '233'
'84': '232'
'85': '231'
'86': '230'
'87': '229'
'88': '228'
'89': '227'
'9': '0'
'90': '226'
'91': '225'
'92': '224'
'93': '223'
'94': '222'
'95': '221'
'96': '220'
'97': '219'
'98': '218'
'99': '217'
--- alignment
--- 2
--- mirna_depth
--- 604
--- strand
--- '-'
--- quality
--- 5
--- cluster
--- 1116396-1117005
--- criteria_star
--- 1
--- criteria_mirdup
--- 1
--- image
--- /vagrant/cgi-bin/t/functional/output/fullpipeline-bed/images/4__1116570-1116885-1.png
--- length
--- 316
--- amfe
--- '-48.10'
--- mfei
--- '-1.69'
