--- sequence
--- UCUCAUGGAUUUGUCGUAUAGCGUUACUUAAUAACAAUUAUAAACUGUAAAAUAUAAAUAUUUUAUAAAACUAAAAUUUGCAAAUUUUAAUAUAUAUUACUUUUAAAAAAUAAAUCAUUCCGCGGUAUACCGCGGGUUAAAAUCUAGUUAAGUAUGUAUAGAUUAAUUGAAACGUGUAUGUACUGAUAAAGUGGGA
--- criteria_reads_mirna
--- 0
--- identifier
--- 4__370740-370935-1
--- hairpin
--- "      GGA      -     ---     AC     AACAAUUAUAAACUGUAAAAUAUAAAUAUUUUAUAAAACUAAAAUUUGCAAAUUUUAAUAUAUAU\nUCUCAU
  \  UUUGUC GUAUA   GCGUU  UUAAU                                                                 U\n||||||
  \  |||||| |||||   |||||  |||||                                                                 A\nAGGGUG
  \  AAAUAG CAUGU   UGCAA  AGUUA                                                                 C\n
  \     ---      U     AUG     --     AUUAGAUAUGUAUGAAUUGAUCUAAAAUUGGGCGCCAUAUGGCGCCUUACUAAAUAAAAAAUUUU\n"
--- reads_distribution
--- 0
--- mirna_position
--- 370883-370906
--- alternatives
--- {}
--- criteria_nb_reads
--- 0
--- mirna_length
--- 24
--- name
--- '4'
--- energy_optimal
--- '-35.70'
--- mfe
--- '-11.40'
--- mirna_sequence
--- AAUAACAAUUAUAAACUGUAAAAU
--- end_position
--- 370935
--- reads
---
370788-370808: 1
370793-370815: 1
370803-370823: 1
370871-370893: 1
370876-370896: 1
370877-370900: 1
370881-370904: 1
370883-370905: 1
370883-370906: 13
370887-370910: 1
370888-370907: 1
370888-370911: 6
370889-370909: 1
370906-370928: 1
370908-370931: 2
370911-370934: 1
--- start_position
--- 370740
--- alignments
--- {}
--- position
--- 370740-370935
--- structure_stemloop
--- ((((((...((((((((((((((((..(((((.....................................................................................................................................))))))))))...))))).))))))))))))
--- nb_reads
--- 34
--- structure_optimal
--- ((((((...((((((((((((((((..(((((.............(((((((((....)))))))))....(((((((....))))))).(((((((.((((................(((((((....))))))).............))))))))))).....))))))))))...))))).))))))))))))
--- orphan_hairpin
--- 0
--- '%GC'
--- '24.49'
--- CT
---
'1': '196'
'10': '190'
'100': '0'
'101': '0'
'102': '0'
'103': '0'
'104': '0'
'105': '0'
'106': '0'
'107': '0'
'108': '0'
'109': '0'
'11': '189'
'110': '0'
'111': '0'
'112': '0'
'113': '0'
'114': '0'
'115': '0'
'116': '0'
'117': '0'
'118': '0'
'119': '0'
'12': '188'
'120': '0'
'121': '0'
'122': '0'
'123': '0'
'124': '0'
'125': '0'
'126': '0'
'127': '0'
'128': '0'
'129': '0'
'13': '187'
'130': '0'
'131': '0'
'132': '0'
'133': '0'
'134': '0'
'135': '0'
'136': '0'
'137': '0'
'138': '0'
'139': '0'
'14': '186'
'140': '0'
'141': '0'
'142': '0'
'143': '0'
'144': '0'
'145': '0'
'146': '0'
'147': '0'
'148': '0'
'149': '0'
'15': '185'
'150': '0'
'151': '0'
'152': '0'
'153': '0'
'154': '0'
'155': '0'
'156': '0'
'157': '0'
'158': '0'
'159': '0'
'16': '183'
'160': '0'
'161': '0'
'162': '0'
'163': '0'
'164': '0'
'165': '0'
'166': 32
'167': '31'
'168': '30'
'169': '29'
'17': '182'
'170': '28'
'171': '25'
'172': '24'
'173': '23'
'174': '22'
'175': '21'
'176': '0'
'177': '0'
'178': '0'
'179': '20'
'18': '181'
'180': '19'
'181': '18'
'182': '17'
'183': '16'
'184': '0'
'185': '15'
'186': '14'
'187': '13'
'188': '12'
'189': '11'
'19': '180'
'190': '10'
'191': '6'
'192': '5'
'193': '4'
'194': '3'
'195': '2'
'196': '1'
'2': '195'
'20': '179'
'21': '175'
'22': '174'
'23': '173'
'24': '172'
'25': '171'
'26': '0'
'27': '0'
'28': '170'
'29': '169'
'3': '194'
'30': '168'
'31': '167'
'32': 166
'33': '0'
'34': '0'
'35': '0'
'36': '0'
'37': '0'
'38': '0'
'39': '0'
'4': '193'
'40': '0'
'41': '0'
'42': '0'
'43': '0'
'44': '0'
'45': '0'
'46': '0'
'47': '0'
'48': '0'
'49': '0'
'5': '192'
'50': '0'
'51': '0'
'52': '0'
'53': '0'
'54': '0'
'55': '0'
'56': '0'
'57': '0'
'58': '0'
'59': '0'
'6': '191'
'60': '0'
'61': '0'
'62': '0'
'63': '0'
'64': '0'
'65': '0'
'66': '0'
'67': '0'
'68': '0'
'69': '0'
'7': '0'
'70': '0'
'71': '0'
'72': '0'
'73': '0'
'74': '0'
'75': '0'
'76': '0'
'77': '0'
'78': '0'
'79': '0'
'8': '0'
'80': '0'
'81': '0'
'82': '0'
'83': '0'
'84': '0'
'85': '0'
'86': '0'
'87': '0'
'88': '0'
'89': '0'
'9': '0'
'90': '0'
'91': '0'
'92': '0'
'93': '0'
'94': '0'
'95': '0'
'96': '0'
'97': '0'
'98': '0'
'99': '0'
--- alignment
--- 0
--- strand
--- '-'
--- quality
--- 1
--- cluster
--- 370740-371129
--- criteria_star
--- 0
--- criteria_mirdup
--- 0
--- image
--- /vagrant/cgi-bin/t/functional/output/fullpipeline-bed/images/4__370740-370935-1.png
--- length
--- 196
--- amfe
--- -18.2142857142857
--- mfei
--- -0.74375
