1__58-74	GAAAUCUCAGGUGACA	UUGGAAUUCUAGAGAGAUCAAAGAGUGUGUUCUUGUGAUCUGCUCUUGUGUGUUUAAGGAAAUCUCAGGUGACAAGCUAAAGUAGUUUAGAUCUUGUGUAAAACCAAUUAAGGUAGUUGUAAACUUCUUAAUCAGAUUUCUAAUAAAGUGAUACUCAGUGGUUCUGAGUUUGGGGAAUACGAUUCUUGGUUCAUCCGGAAUUUCAA	((((((((((.((..((((((.((((((((((((....((.(((.(((.(((((...............................................................................................))))).))).)))...)).....)))))))).))))))))))..)).))))))))))	false	1
