>1__1445466-1445743, MFE structure
CUAGAUUUACAAAACGAUAGGAAAACUAACCGGACUUUGAAUCCUGUCACUUGACUUAGUCAUUGAUCGUUAGCGAUUUCACAAGUUCAACUUGUUUUCAGAUCGUUAUGUGAAUUUAGCACUUUAGUGUUUUAGUCUUUUUUUUUUGUUUUGUUUUAGACUAGAUUUACAAAACGAUAGAAAACUAACUGGACUUUGGAUCCUGUCACUUGACUUAGUCAUUGAUCGUUAGCGAUUUCACAAGUUCAACUUGUUUUCUGAUCAUUAUGUGAAUUUAG
(((((((((((.((.(((.(((((((.....((((((((((((((((((..(((((.(((((.((((....((.((((.((.(((((((....((((((..((((((.((((((((.(((((....))))).((((((...................)))))))))))))).)))))).))))))....)))))))))))))))))))..))))).))))).))))....)).)).)))).)))))).....))))))).))).)).)))))))))))
