>1__424017-424353, stemloop structure
AUAAAUGCUAAAUAUAUAUGAAGAUGUGAAAAACAUGUUGGAUUUAUGGAAUCGCUAAUGACCACGGUUCAAUGGCGGGAUCCAAAAUCCGGUUAGAUUUCACAACGUCAUAUUAAUUUAGUAUUUGUAAAACCUUUUGAAAAUAAAAUAAAAAAAAAAAGACAAAAAAAAUAAAGAAUUAAAAACCUUUUAAGAAAAUAAAAUAAAAAAUAAAUGCUAAAUAUACAUGAAGAUGUGAAAAACAUGUUGGAUUUGUGGAAUUGCUAAUGACCAUGGUUAAAUGGCGGGAUCCAAAAUCCGAUUAGAUUUUAUAACGUCAUAUUAAUUUAGUAUUUAU
(((((((((((((..((((((.(.(((((((.....(((((((((.((((.((((((.((((((.(((.((.((((((..((((((((((((.....(((((((.(.((((....(((((((((((((.................................................................................)))))))))))))....)))).).)))))))......)))))))).)))).)))))).))))).))))))..))))))..)))))))))))))....))))))).).))))))..)))))))))))))
