>1__56391-56629, stemloop structure
AAACUCUAAGAAAACGAUAAAAACCAAGUUGGGUACCCACGAGUAGUCUCGGAAUAAUCAGGUUUUUUCGGGUUUUACCCACUUAUUCAAAAACCCAUCUGGGUUUUUUAAAGUUGGAUUUUUGGUGGACGGGUUUAUUUUGGGUUCAGGUCGGGCUGAGCUUUUUUACCCACCACAACAUCUCUAACUACUACAGACACUGACAAAUCUGACUUGGCUUUUUAUAAAACUUAAUGUUU
((((..((((......((((((((((((((((((............................................................................................................................................................................))))))))))).)))))))....))))..))))
