>1__431927-432041-
TGGGCGTGTCCGTAGGGACAATTCTTTTTATGGGTCAAGTTGGACGGTCCATAATGGACAATGGTCCGAAAAATGTCCATGCCCAATAAAGACCATGTCCATATGGGCAAGCCCA
