ath-MIR165a
Locus  : 1:78927-79037
Strand : -

GUUGAGGGGAAUGUUGUCUGGAUCGAGGAUAUUAUAGAUAUAUACAUGUGUAUGUUAAUGAUUCAAGUGAUCAUAGAGAGUAUCCUCGGACCAGGCUUCAUCCCCCCCAAC
((((.((((.(((..((((((.(((((((((((.............................................))))))))))).))))))..))).)))).))))
       <------miRBase------>                                                         <------miRBase------>     
.......*********************................................................................................... length=21 depth=15
.......***********************................................................................................. length=23 depth=1
........*********************.................................................................................. length=21 depth=1
..........*********************................................................................................ length=21 depth=1
..................................................................................*********************........ length=21 depth=25
....................................................................................********************....... length=20 depth=1
....................................................................................**********************..... length=22 depth=2
.....................................................................................****************.......... length=16 depth=1
.....................................................................................*********************..... length=21 depth=229
