>1__512714-513113-
GAACUUUCAAAAAAUGGUCAAAUUAACCGUAAACUCUUGAAAUUGUCGUUUUAUACCUCAACAAAAAAUUGACUUCUAAUUUAACCUAUACUUUAUCGUUGACUUCUAAUUUAACCUAUAAUUUAUCGUUGACUCGGCCAAAUCGACUCACCGUUAACACUUCUUAAUAGCGCUCCUAACAACCAUUACAAAACAUGGCCUAACAGCCGUUGUCGUUGGUUUAAGGACGAAAACAAUUGUUAGUUACGCUAUUAGGAGAGCUGUUAAGAAGUGUUAAUGGUGAGUCGAUUUGGCCGAAUCAACGAUAAUUUAUAGGUUAAAUUAGAAAUCAACUAUUUGUUGAGGUAUAAAACGGUCAUUUCAAGAAUUCACGGUUAAUUUGACCAUUUUUUGAAAGUUC
((((((((((((((((((((((((((((((.((.(((((((((.(((((((((((((((((((((..............................................................................................................................................................................................................................................................................)))))))))))))))))))).)))))))))).)).)))))))))))))))))))))))))))))) (-76.44)
