>1__238672-238779+
TGGTCGAGGGTGTTCTTAGGTCACTGTTCTTGTTCGCTGGTCATGGAGTGNNNNNNCGCTTCATCTTTGCCGGTGGACTTTCAAGACTTTTGCTTCTTCTCTTGACGG
